Archive member included to satisfy reference by file (symbol)

/opt/ST/STM32CubeCLT_1.21.0/GNU-tools-for-STM32/bin/../lib/gcc/arm-none-eabi/14.3.1/../../../../arm-none-eabi/lib/thumb/v7-m/nofp/libstdc++_nano.a(atexit_arm.o)
                              CMakeFiles/stm-cpp-test.dir/User/main/main_entry.cpp.obj (__aeabi_atexit)
/opt/ST/STM32CubeCLT_1.21.0/GNU-tools-for-STM32/bin/../lib/gcc/arm-none-eabi/14.3.1/../../../../arm-none-eabi/lib/thumb/v7-m/nofp/libstdc++_nano.a(del_ops.o)
                              CMakeFiles/stm-cpp-test.dir/User/main/main_entry.cpp.obj (operator delete(void*, unsigned int))
/opt/ST/STM32CubeCLT_1.21.0/GNU-tools-for-STM32/bin/../lib/gcc/arm-none-eabi/14.3.1/../../../../arm-none-eabi/lib/thumb/v7-m/nofp/libstdc++_nano.a(del_op.o)
                              /opt/ST/STM32CubeCLT_1.21.0/GNU-tools-for-STM32/bin/../lib/gcc/arm-none-eabi/14.3.1/../../../../arm-none-eabi/lib/thumb/v7-m/nofp/libstdc++_nano.a(del_ops.o) (operator delete(void*))
/opt/ST/STM32CubeCLT_1.21.0/GNU-tools-for-STM32/bin/../lib/gcc/arm-none-eabi/14.3.1/thumb/v7-m/nofp/libgcc.a(_arm_mulsf3.o)
                              CMakeFiles/stm-cpp-test.dir/User/pid/PIDController.cpp.obj (__aeabi_fmul)
/opt/ST/STM32CubeCLT_1.21.0/GNU-tools-for-STM32/bin/../lib/gcc/arm-none-eabi/14.3.1/thumb/v7-m/nofp/libgcc.a(_arm_addsubsf3.o)
                              CMakeFiles/stm-cpp-test.dir/Lib/mpu6050/mpu6050.c.obj (__aeabi_i2f)
/opt/ST/STM32CubeCLT_1.21.0/GNU-tools-for-STM32/bin/../lib/gcc/arm-none-eabi/14.3.1/thumb/v7-m/nofp/libgcc.a(_arm_muldivsf3.o)
                              CMakeFiles/stm-cpp-test.dir/Lib/mpu6050/mpu6050.c.obj (__aeabi_fdiv)
/opt/ST/STM32CubeCLT_1.21.0/GNU-tools-for-STM32/bin/../lib/gcc/arm-none-eabi/14.3.1/thumb/v7-m/nofp/libgcc.a(_arm_fixsfsi.o)
                              CMakeFiles/stm-cpp-test.dir/User/pid/PIDController.cpp.obj (__aeabi_f2iz)
/opt/ST/STM32CubeCLT_1.21.0/GNU-tools-for-STM32/bin/../lib/gcc/arm-none-eabi/14.3.1/../../../../arm-none-eabi/lib/thumb/v7-m/nofp/libg_nano.a(libc_a-exit.o)
                              /opt/ST/STM32CubeCLT_1.21.0/GNU-tools-for-STM32/bin/../lib/gcc/arm-none-eabi/14.3.1/../../../../arm-none-eabi/lib/thumb/v7-m/nofp/crt0.o (exit)
/opt/ST/STM32CubeCLT_1.21.0/GNU-tools-for-STM32/bin/../lib/gcc/arm-none-eabi/14.3.1/../../../../arm-none-eabi/lib/thumb/v7-m/nofp/libg_nano.a(libc_a-malloc.o)
                              /opt/ST/STM32CubeCLT_1.21.0/GNU-tools-for-STM32/bin/../lib/gcc/arm-none-eabi/14.3.1/../../../../arm-none-eabi/lib/thumb/v7-m/nofp/libstdc++_nano.a(del_op.o) (free)
/opt/ST/STM32CubeCLT_1.21.0/GNU-tools-for-STM32/bin/../lib/gcc/arm-none-eabi/14.3.1/../../../../arm-none-eabi/lib/thumb/v7-m/nofp/libg_nano.a(libc_a-mallocr.o)
                              /opt/ST/STM32CubeCLT_1.21.0/GNU-tools-for-STM32/bin/../lib/gcc/arm-none-eabi/14.3.1/../../../../arm-none-eabi/lib/thumb/v7-m/nofp/libg_nano.a(libc_a-malloc.o) (_malloc_r)
/opt/ST/STM32CubeCLT_1.21.0/GNU-tools-for-STM32/bin/../lib/gcc/arm-none-eabi/14.3.1/../../../../arm-none-eabi/lib/thumb/v7-m/nofp/libg_nano.a(libc_a-mlock.o)
                              /opt/ST/STM32CubeCLT_1.21.0/GNU-tools-for-STM32/bin/../lib/gcc/arm-none-eabi/14.3.1/../../../../arm-none-eabi/lib/thumb/v7-m/nofp/libg_nano.a(libc_a-mallocr.o) (__malloc_lock)
/opt/ST/STM32CubeCLT_1.21.0/GNU-tools-for-STM32/bin/../lib/gcc/arm-none-eabi/14.3.1/../../../../arm-none-eabi/lib/thumb/v7-m/nofp/libg_nano.a(libc_a-findfp.o)
                              /opt/ST/STM32CubeCLT_1.21.0/GNU-tools-for-STM32/bin/../lib/gcc/arm-none-eabi/14.3.1/../../../../arm-none-eabi/lib/thumb/v7-m/nofp/libg_nano.a(libc_a-exit.o) (__stdio_exit_handler)
/opt/ST/STM32CubeCLT_1.21.0/GNU-tools-for-STM32/bin/../lib/gcc/arm-none-eabi/14.3.1/../../../../arm-none-eabi/lib/thumb/v7-m/nofp/libg_nano.a(libc_a-fwalk.o)
                              /opt/ST/STM32CubeCLT_1.21.0/GNU-tools-for-STM32/bin/../lib/gcc/arm-none-eabi/14.3.1/../../../../arm-none-eabi/lib/thumb/v7-m/nofp/libg_nano.a(libc_a-findfp.o) (_fwalk_sglue)
/opt/ST/STM32CubeCLT_1.21.0/GNU-tools-for-STM32/bin/../lib/gcc/arm-none-eabi/14.3.1/../../../../arm-none-eabi/lib/thumb/v7-m/nofp/libg_nano.a(libc_a-puts.o)
                              CMakeFiles/stm-cpp-test.dir/User/state/State_test.cpp.obj (puts)
/opt/ST/STM32CubeCLT_1.21.0/GNU-tools-for-STM32/bin/../lib/gcc/arm-none-eabi/14.3.1/../../../../arm-none-eabi/lib/thumb/v7-m/nofp/libg_nano.a(libc_a-memset.o)
                              /opt/ST/STM32CubeCLT_1.21.0/GNU-tools-for-STM32/bin/../lib/gcc/arm-none-eabi/14.3.1/../../../../arm-none-eabi/lib/thumb/v7-m/nofp/crt0.o (memset)
/opt/ST/STM32CubeCLT_1.21.0/GNU-tools-for-STM32/bin/../lib/gcc/arm-none-eabi/14.3.1/../../../../arm-none-eabi/lib/thumb/v7-m/nofp/libg_nano.a(libc_a-sbrkr.o)
                              /opt/ST/STM32CubeCLT_1.21.0/GNU-tools-for-STM32/bin/../lib/gcc/arm-none-eabi/14.3.1/../../../../arm-none-eabi/lib/thumb/v7-m/nofp/libg_nano.a(libc_a-mallocr.o) (_sbrk_r)
[...]
Memory Configuration

Name             Origin             Length             Attributes
RAM              0x20000000         0x00005000         xrw
FLASH            0x08000000         0x00010000         xr
*default*        0x00000000         0xffffffff

Linker script and memory map

LOAD /opt/ST/STM32CubeCLT_1.21.0/GNU-tools-for-STM32/bin/../lib/gcc/arm-none-eabi/14.3.1/thumb/v7-m/nofp/crti.o
LOAD /opt/ST/STM32CubeCLT_1.21.0/GNU-tools-for-STM32/bin/../lib/gcc/arm-none-eabi/14.3.1/thumb/v7-m/nofp/crtbegin.o
LOAD /opt/ST/STM32CubeCLT_1.21.0/GNU-tools-for-STM32/bin/../lib/gcc/arm-none-eabi/14.3.1/../../../../arm-none-eabi/lib/thumb/v7-m/nofp/crt0.o
LOAD CMakeFiles/stm-cpp-test.dir/User/main/main_entry.cpp.obj
LOAD CMakeFiles/stm-cpp-test.dir/User/pid/IncrementalPID.cpp.obj
LOAD CMakeFiles/stm-cpp-test.dir/User/pid/PIDController.cpp.obj
LOAD CMakeFiles/stm-cpp-test.dir/User/pid/PositionalPID.cpp.obj
LOAD CMakeFiles/stm-cpp-test.dir/Lib/mpu6050/mpu6050.c.obj
LOAD CMakeFiles/stm-cpp-test.dir/Lib/motor/motor.c.obj
LOAD CMakeFiles/stm-cpp-test.dir/User/control/SpeedControl.cpp.obj
LOAD CMakeFiles/stm-cpp-test.dir/User/timer/timer.cpp.obj
LOAD CMakeFiles/stm-cpp-test.dir/User/timer/TimerTask.cpp.obj
LOAD CMakeFiles/stm-cpp-test.dir/User/state/State_test.cpp.obj
LOAD CMakeFiles/stm-cpp-test.dir/User/state/StateMachine.cpp.obj
LOAD CMakeFiles/stm-cpp-test.dir/Core/Src/main.c.obj
LOAD CMakeFiles/stm-cpp-test.dir/Core/Src/gpio.c.obj
LOAD CMakeFiles/stm-cpp-test.dir/Core/Src/i2c.c.obj
LOAD CMakeFiles/stm-cpp-test.dir/Core/Src/tim.c.obj
LOAD CMakeFiles/stm-cpp-test.dir/Core/Src/usart.c.obj
LOAD CMakeFiles/stm-cpp-test.dir/Core/Src/stm32f1xx_it.c.obj
LOAD CMakeFiles/stm-cpp-test.dir/Core/Src/stm32f1xx_hal_msp.c.obj
LOAD CMakeFiles/stm-cpp-test.dir/Core/Src/sysmem.c.obj
LOAD CMakeFiles/stm-cpp-test.dir/Core/Src/syscalls.c.obj
LOAD CMakeFiles/stm-cpp-test.dir/startup_stm32f103xb.s.obj
LOAD cmake/stm32cubemx/CMakeFiles/STM32_Drivers.dir/__/__/Core/Src/system_stm32f1xx.c.obj
LOAD cmake/stm32cubemx/CMakeFiles/STM32_Drivers.dir/__/__/Drivers/STM32F1xx_HAL_Driver/Src/stm32f1xx_hal_gpio_ex.c.obj
LOAD cmake/stm32cubemx/CMakeFiles/STM32_Drivers.dir/__/__/Drivers/STM32F1xx_HAL_Driver/Src/stm32f1xx_hal_i2c.c.obj
LOAD cmake/stm32cubemx/CMakeFiles/STM32_Drivers.dir/__/__/Drivers/STM32F1xx_HAL_Driver/Src/stm32f1xx_hal.c.obj
LOAD cmake/stm32cubemx/CMakeFiles/STM32_Drivers.dir/__/__/Drivers/STM32F1xx_HAL_Driver/Src/stm32f1xx_hal_rcc.c.obj
LOAD cmake/stm32cubemx/CMakeFiles/STM32_Drivers.dir/__/__/Drivers/STM32F1xx_HAL_Driver/Src/stm32f1xx_hal_rcc_ex.c.obj
LOAD cmake/stm32cubemx/CMakeFiles/STM32_Drivers.dir/__/__/Drivers/STM32F1xx_HAL_Driver/Src/stm32f1xx_hal_gpio.c.obj
LOAD cmake/stm32cubemx/CMakeFiles/STM32_Drivers.dir/__/__/Drivers/STM32F1xx_HAL_Driver/Src/stm32f1xx_hal_dma.c.obj
LOAD cmake/stm32cubemx/CMakeFiles/STM32_Drivers.dir/__/__/Drivers/STM32F1xx_HAL_Driver/Src/stm32f1xx_hal_cortex.c.obj
LOAD cmake/stm32cubemx/CMakeFiles/STM32_Drivers.dir/__/__/Drivers/STM32F1xx_HAL_Driver/Src/stm32f1xx_hal_pwr.c.obj
LOAD cmake/stm32cubemx/CMakeFiles/STM32_Drivers.dir/__/__/Drivers/STM32F1xx_HAL_Driver/Src/stm32f1xx_hal_flash.c.obj
LOAD cmake/stm32cubemx/CMakeFiles/STM32_Drivers.dir/__/__/Drivers/STM32F1xx_HAL_Driver/Src/stm32f1xx_hal_flash_ex.c.obj
LOAD cmake/stm32cubemx/CMakeFiles/STM32_Drivers.dir/__/__/Drivers/STM32F1xx_HAL_Driver/Src/stm32f1xx_hal_exti.c.obj
LOAD cmake/stm32cubemx/CMakeFiles/STM32_Drivers.dir/__/__/Drivers/STM32F1xx_HAL_Driver/Src/stm32f1xx_hal_tim.c.obj
LOAD cmake/stm32cubemx/CMakeFiles/STM32_Drivers.dir/__/__/Drivers/STM32F1xx_HAL_Driver/Src/stm32f1xx_hal_tim_ex.c.obj
LOAD cmake/stm32cubemx/CMakeFiles/STM32_Drivers.dir/__/__/Drivers/STM32F1xx_HAL_Driver/Src/stm32f1xx_hal_uart.c.obj
LOAD /opt/ST/STM32CubeCLT_1.21.0/GNU-tools-for-STM32/bin/../lib/gcc/arm-none-eabi/14.3.1/../../../../arm-none-eabi/lib/thumb/v7-m/nofp/libstdc++_nano.a
LOAD /opt/ST/STM32CubeCLT_1.21.0/GNU-tools-for-STM32/bin/../lib/gcc/arm-none-eabi/14.3.1/../../../../arm-none-eabi/lib/thumb/v7-m/nofp/libm.a
START GROUP
LOAD /opt/ST/STM32CubeCLT_1.21.0/GNU-tools-for-STM32/bin/../lib/gcc/arm-none-eabi/14.3.1/thumb/v7-m/nofp/libgcc.a
LOAD /opt/ST/STM32CubeCLT_1.21.0/GNU-tools-for-STM32/bin/../lib/gcc/arm-none-eabi/14.3.1/../../../../arm-none-eabi/lib/thumb/v7-m/nofp/libg_nano.a
LOAD /opt/ST/STM32CubeCLT_1.21.0/GNU-tools-for-STM32/bin/../lib/gcc/arm-none-eabi/14.3.1/../../../../arm-none-eabi/lib/thumb/v7-m/nofp/libc_nano.a
END GROUP
START GROUP
LOAD /opt/ST/STM32CubeCLT_1.21.0/GNU-tools-for-STM32/bin/../lib/gcc/arm-none-eabi/14.3.1/thumb/v7-m/nofp/libgcc.a
LOAD /opt/ST/STM32CubeCLT_1.21.0/GNU-tools-for-STM32/bin/../lib/gcc/arm-none-eabi/14.3.1/../../../../arm-none-eabi/lib/thumb/v7-m/nofp/libc_nano.a
END GROUP
LOAD /opt/ST/STM32CubeCLT_1.21.0/GNU-tools-for-STM32/bin/../lib/gcc/arm-none-eabi/14.3.1/thumb/v7-m/nofp/crtend.o
LOAD /opt/ST/STM32CubeCLT_1.21.0/GNU-tools-for-STM32/bin/../lib/gcc/arm-none-eabi/14.3.1/thumb/v7-m/nofp/crtn.o
                0x20005000                        _estack = (ORIGIN (RAM) + LENGTH (RAM))
                0x20004c00                        _sstack = (_estack - _Min_Stack_Size)
                0x00000200                        _Min_Heap_Size = 0x200
                0x00000400                        _Min_Stack_Size = 0x400

.isr_vector     0x08000000      0x10c
                0x08000000                        . = ALIGN (0x4)
 *(.isr_vector)
 .isr_vector    0x08000000      0x10c CMakeFiles/stm-cpp-test.dir/startup_stm32f103xb.s.obj
                0x08000000                g_pfnVectors
                0x0800010c                        . = ALIGN (0x4)

.text           0x0800010c     0x4960
                0x0800010c                        . = ALIGN (0x4)
 *(.text)
 .text          0x0800010c       0x40 /opt/ST/STM32CubeCLT_1.21.0/GNU-tools-for-STM32/bin/../lib/gcc/arm-none-eabi/14.3.1/thumb/v7-m/nofp/crtbegin.o
 .text          0x0800014c      0x2a0 /opt/ST/STM32CubeCLT_1.21.0/GNU-tools-for-STM32/bin/../lib/gcc/arm-none-eabi/14.3.1/thumb/v7-m/nofp/libgcc.a(_arm_muldivsf3.o)
                0x0800014c                __mulsf3
                0x0800014c                __aeabi_fmul
                0x080002b4                __divsf3
                0x080002b4                __aeabi_fdiv
 .text          0x080003ec       0x4c /opt/ST/STM32CubeCLT_1.21.0/GNU-tools-for-STM32/bin/../lib/gcc/arm-none-eabi/14.3.1/thumb/v7-m/nofp/libgcc.a(_arm_fixsfsi.o)
                0x080003ec                __fixsfsi
                0x080003ec                __aeabi_f2iz
 *(.text*)
 .text._ZN12StateMachine11getInstanceEv
                0x08000438       0x2c CMakeFiles/stm-cpp-test.dir/User/main/main_entry.cpp.obj
                0x08000438                StateMachine::getInstance()
 .text._ZN5StateD2Ev
                0x08000464       0x20 CMakeFiles/stm-cpp-test.dir/User/main/main_entry.cpp.obj
                0x08000464                State::~State()
                0x08000464                State::~State()
 .text._ZN5StateD0Ev
                0x08000484       0x20 CMakeFiles/stm-cpp-test.dir/User/main/main_entry.cpp.obj
                0x08000484                State::~State()
 .text._ZN10State_testD2Ev
                0x080004a4       0x24 CMakeFiles/stm-cpp-test.dir/User/main/main_entry.cpp.obj
                0x080004a4                State_test::~State_test()
                0x080004a4                State_test::~State_test()
 .text._ZN10State_testD0Ev
                0x080004c8       0x20 CMakeFiles/stm-cpp-test.dir/User/main/main_entry.cpp.obj
                0x080004c8                State_test::~State_test()
 .text._ZN10State_test11getInstanceEv
                0x080004e8       0x3c CMakeFiles/stm-cpp-test.dir/User/main/main_entry.cpp.obj
                0x080004e8                State_test::getInstance()
 .text._ZN13PIDControllerD2Ev
                0x08000524       0x20 CMakeFiles/stm-cpp-test.dir/User/main/main_entry.cpp.obj
                0x08000524                PIDController::~PIDController()
                0x08000524                PIDController::~PIDController()
 .text._ZN13PIDControllerD0Ev
                0x08000544       0x20 CMakeFiles/stm-cpp-test.dir/User/main/main_entry.cpp.obj
                0x08000544                PIDController::~PIDController()
 .text._ZN13PositionalPIDD2Ev
                0x08000564       0x24 CMakeFiles/stm-cpp-test.dir/User/main/main_entry.cpp.obj
                0x08000564                PositionalPID::~PositionalPID()
                0x08000564                PositionalPID::~PositionalPID()
 .text._ZN13PositionalPIDD0Ev
                0x08000588       0x20 CMakeFiles/stm-cpp-test.dir/User/main/main_entry.cpp.obj
                0x08000588                PositionalPID::~PositionalPID()
 .text._ZN12SpeedControlD2Ev
                0x080005a8       0x26 CMakeFiles/stm-cpp-test.dir/User/main/main_entry.cpp.obj
                0x080005a8                SpeedControl::~SpeedControl()
                0x080005a8                SpeedControl::~SpeedControl()
 *fill*         0x080005ce        0x2 
 .text._ZN12SpeedControl11getInstanceEv
                0x080005d0       0x3c CMakeFiles/stm-cpp-test.dir/User/main/main_entry.cpp.obj
                0x080005d0                SpeedControl::getInstance()
 .text._Z11MyTimedTaskv
                0x0800060c       0x18 CMakeFiles/stm-cpp-test.dir/User/main/main_entry.cpp.obj
                0x0800060c                MyTimedTask()
 .text.main_entry
                0x08000624       0x70 CMakeFiles/stm-cpp-test.dir/User/main/main_entry.cpp.obj
                0x08000624                main_entry
 .text.HAL_TIM_PeriodElapsedCallback
                0x08000694       0x48 CMakeFiles/stm-cpp-test.dir/User/main/main_entry.cpp.obj
                0x08000694                HAL_TIM_PeriodElapsedCallback
 .text._write   0x080006dc       0x2c CMakeFiles/stm-cpp-test.dir/User/main/main_entry.cpp.obj
                0x080006dc                _write
 .text._ZN13PIDController5clampEl
                0x08000708       0x36 CMakeFiles/stm-cpp-test.dir/User/pid/IncrementalPID.cpp.obj
                0x08000708                PIDController::clamp(long)
 *fill*         0x0800073e        0x2 
 .text._ZN13PIDControllerC2Efffll
                0x08000740       0x78 CMakeFiles/stm-cpp-test.dir/User/pid/PIDController.cpp.obj
                0x08000740                PIDController::PIDController(float, float, float, long, long)
                0x08000740                PIDController::PIDController(float, float, float, long, long)
 .text._ZN13PositionalPID7computeEll
                0x080007b8       0xa8 CMakeFiles/stm-cpp-test.dir/User/pid/PositionalPID.cpp.obj
                0x080007b8                PositionalPID::compute(long, long)
 .text._ZN13PositionalPID5resetEv
                0x08000860       0x1e CMakeFiles/stm-cpp-test.dir/User/pid/PositionalPID.cpp.obj
                0x08000860                PositionalPID::reset()
 *fill*         0x0800087e        0x2 
 .text.allMotorInit
                0x08000880       0x34 CMakeFiles/stm-cpp-test.dir/Lib/motor/motor.c.obj
                0x08000880                allMotorInit
 .text.setRightMotorPwm
                0x080008b4       0x70 CMakeFiles/stm-cpp-test.dir/Lib/motor/motor.c.obj
                0x080008b4                setRightMotorPwm
 .text.setLeftMotorPwm
                0x08000924       0x70 CMakeFiles/stm-cpp-test.dir/Lib/motor/motor.c.obj
                0x08000924                setLeftMotorPwm
 .text.updateRightMotorSpeed
                0x08000994       0x48 CMakeFiles/stm-cpp-test.dir/Lib/motor/motor.c.obj
                0x08000994                updateRightMotorSpeed
 .text.updateLeftMotorSpeed
                0x080009dc       0x48 CMakeFiles/stm-cpp-test.dir/Lib/motor/motor.c.obj
                0x080009dc                updateLeftMotorSpeed
 .text._ZN13PositionalPIDCI213PIDControllerEfffll
                0x08000a24       0x4c CMakeFiles/stm-cpp-test.dir/User/control/SpeedControl.cpp.obj
                0x08000a24                PositionalPID::PIDController(float, float, float, long, long)
                0x08000a24                PositionalPID::PIDController(float, float, float, long, long)
 .text._ZN12SpeedControlC2Ev
                0x08000a70       0xa4 CMakeFiles/stm-cpp-test.dir/User/control/SpeedControl.cpp.obj
                0x08000a70                SpeedControl::SpeedControl()
                0x08000a70                SpeedControl::SpeedControl()
 .text._ZN12SpeedControl13setPIDEnabledEb
                0x08000b14       0x40 CMakeFiles/stm-cpp-test.dir/User/control/SpeedControl.cpp.obj
                0x08000b14                SpeedControl::setPIDEnabled(bool)
 .text._ZN12SpeedControl17setLeftDegsTargetEl
                0x08000b54       0x1a CMakeFiles/stm-cpp-test.dir/User/control/SpeedControl.cpp.obj
                0x08000b54                SpeedControl::setLeftDegsTarget(long)
 .text._ZN12SpeedControl18setRightDegsTargetEl
                0x08000b6e       0x1a CMakeFiles/stm-cpp-test.dir/User/control/SpeedControl.cpp.obj
                0x08000b6e                SpeedControl::setRightDegsTarget(long)
 .text._ZN12SpeedControl18updateSpeedControlEv
                0x08000b88       0x64 CMakeFiles/stm-cpp-test.dir/User/control/SpeedControl.cpp.obj
                0x08000b88                SpeedControl::updateSpeedControl()
 .text._ZN9TimerTask7AddTaskEPFvvEl
                0x08000bec       0x80 CMakeFiles/stm-cpp-test.dir/User/timer/TimerTask.cpp.obj
                0x08000bec                TimerTask::AddTask(void (*)(), long)
 .text._ZN9TimerTask6UpdateEv
                0x08000c6c       0xc8 CMakeFiles/stm-cpp-test.dir/User/timer/TimerTask.cpp.obj
                0x08000c6c                TimerTask::Update()
 .text._ZN5StateC2Ev
                0x08000d34       0x20 CMakeFiles/stm-cpp-test.dir/User/state/State_test.cpp.obj
                0x08000d34                State::State()
                0x08000d34                State::State()
 .text._ZN10State_testC2Ev
                0x08000d54       0x34 CMakeFiles/stm-cpp-test.dir/User/state/State_test.cpp.obj
                0x08000d54                State_test::State_test()
                0x08000d54                State_test::State_test()
 .text._ZN10State_test4initEv
                0x08000d88       0x3a CMakeFiles/stm-cpp-test.dir/User/state/State_test.cpp.obj
                0x08000d88                State_test::init()
 *fill*         0x08000dc2        0x2 
 .text._ZN10State_test4loopEv
                0x08000dc4       0x1c CMakeFiles/stm-cpp-test.dir/User/state/State_test.cpp.obj
                0x08000dc4                State_test::loop()
 .text._ZN10State_test4exitEv
                0x08000de0       0x12 CMakeFiles/stm-cpp-test.dir/User/state/State_test.cpp.obj
                0x08000de0                State_test::exit()
 .text._ZN12StateMachineC2Ev
                0x08000df2       0x1c CMakeFiles/stm-cpp-test.dir/User/state/StateMachine.cpp.obj
                0x08000df2                StateMachine::StateMachine()
                0x08000df2                StateMachine::StateMachine()
 .text._ZN12StateMachine11changeStateER5State
                0x08000e0e       0x4c CMakeFiles/stm-cpp-test.dir/User/state/StateMachine.cpp.obj
                0x08000e0e                StateMachine::changeState(State&)
 .text._ZN12StateMachine9stateLoopEv
                0x08000e5a       0x2a CMakeFiles/stm-cpp-test.dir/User/state/StateMachine.cpp.obj
                0x08000e5a                StateMachine::stateLoop()
 .text.main     0x08000e84       0x38 CMakeFiles/stm-cpp-test.dir/Core/Src/main.c.obj
                0x08000e84                main
 .text.SystemClock_Config
                0x08000ebc       0x8a CMakeFiles/stm-cpp-test.dir/Core/Src/main.c.obj
                0x08000ebc                SystemClock_Config
 .text.Error_Handler
                0x08000f46        0xc CMakeFiles/stm-cpp-test.dir/Core/Src/main.c.obj
                0x08000f46                Error_Handler
 *fill*         0x08000f52        0x2 
 .text.MX_GPIO_Init
                0x08000f54      0x104 CMakeFiles/stm-cpp-test.dir/Core/Src/gpio.c.obj
                0x08000f54                MX_GPIO_Init
 .text.MX_I2C1_Init
                0x08001058       0x5c CMakeFiles/stm-cpp-test.dir/Core/Src/i2c.c.obj
                0x08001058                MX_I2C1_Init
 .text.HAL_I2C_MspInit
                0x080010b4       0xa0 CMakeFiles/stm-cpp-test.dir/Core/Src/i2c.c.obj
                0x080010b4                HAL_I2C_MspInit
 .text.MX_TIM1_Init
                0x08001154       0xb0 CMakeFiles/stm-cpp-test.dir/Core/Src/tim.c.obj
                0x08001154                MX_TIM1_Init
 .text.MX_TIM2_Init
                0x08001204       0xa8 CMakeFiles/stm-cpp-test.dir/Core/Src/tim.c.obj
                0x08001204                MX_TIM2_Init
 .text.MX_TIM3_Init
                0x080012ac       0xc8 CMakeFiles/stm-cpp-test.dir/Core/Src/tim.c.obj
                0x080012ac                MX_TIM3_Init
 .text.MX_TIM4_Init
                0x08001374       0x9c CMakeFiles/stm-cpp-test.dir/Core/Src/tim.c.obj
                0x08001374                MX_TIM4_Init
 .text.HAL_TIM_Encoder_MspInit
                0x08001410       0xd4 CMakeFiles/stm-cpp-test.dir/Core/Src/tim.c.obj
                0x08001410                HAL_TIM_Encoder_MspInit
 .text.HAL_TIM_PWM_MspInit
                0x080014e4       0x3c CMakeFiles/stm-cpp-test.dir/Core/Src/tim.c.obj
                0x080014e4                HAL_TIM_PWM_MspInit
 .text.HAL_TIM_Base_MspInit
                0x08001520       0x4c CMakeFiles/stm-cpp-test.dir/Core/Src/tim.c.obj
                0x08001520                HAL_TIM_Base_MspInit
 .text.HAL_TIM_MspPostInit
                0x0800156c       0x64 CMakeFiles/stm-cpp-test.dir/Core/Src/tim.c.obj
                0x0800156c                HAL_TIM_MspPostInit
 .text.MX_USART1_UART_Init
                0x080015d0       0x54 CMakeFiles/stm-cpp-test.dir/Core/Src/usart.c.obj
                0x080015d0                MX_USART1_UART_Init
 .text.MX_USART2_UART_Init
                0x08001624       0x54 CMakeFiles/stm-cpp-test.dir/Core/Src/usart.c.obj
                0x08001624                MX_USART2_UART_Init
 .text.MX_USART3_UART_Init
                0x08001678       0x54 CMakeFiles/stm-cpp-test.dir/Core/Src/usart.c.obj
                0x08001678                MX_USART3_UART_Init
 .text.HAL_UART_MspInit
                0x080016cc      0x19c CMakeFiles/stm-cpp-test.dir/Core/Src/usart.c.obj
                0x080016cc                HAL_UART_MspInit
 .text.NMI_Handler
                0x08001868        0x8 CMakeFiles/stm-cpp-test.dir/Core/Src/stm32f1xx_it.c.obj
                0x08001868                NMI_Handler
 .text.HardFault_Handler
                0x08001870        0x8 CMakeFiles/stm-cpp-test.dir/Core/Src/stm32f1xx_it.c.obj
                0x08001870                HardFault_Handler
 .text.MemManage_Handler
                0x08001878        0x8 CMakeFiles/stm-cpp-test.dir/Core/Src/stm32f1xx_it.c.obj
                0x08001878                MemManage_Handler
 .text.BusFault_Handler
                0x08001880        0x8 CMakeFiles/stm-cpp-test.dir/Core/Src/stm32f1xx_it.c.obj
                0x08001880                BusFault_Handler
 .text.UsageFault_Handler
                0x08001888        0x8 CMakeFiles/stm-cpp-test.dir/Core/Src/stm32f1xx_it.c.obj
                0x08001888                UsageFault_Handler
 .text.SVC_Handler
                0x08001890        0xc CMakeFiles/stm-cpp-test.dir/Core/Src/stm32f1xx_it.c.obj
                0x08001890                SVC_Handler
 .text.DebugMon_Handler
                0x0800189c        0xc CMakeFiles/stm-cpp-test.dir/Core/Src/stm32f1xx_it.c.obj
                0x0800189c                DebugMon_Handler
 .text.PendSV_Handler
                0x080018a8        0xc CMakeFiles/stm-cpp-test.dir/Core/Src/stm32f1xx_it.c.obj
                0x080018a8                PendSV_Handler
 .text.SysTick_Handler
                0x080018b4        0xc CMakeFiles/stm-cpp-test.dir/Core/Src/stm32f1xx_it.c.obj
                0x080018b4                SysTick_Handler
 .text.TIM4_IRQHandler
                0x080018c0       0x14 CMakeFiles/stm-cpp-test.dir/Core/Src/stm32f1xx_it.c.obj
                0x080018c0                TIM4_IRQHandler
 .text.HAL_MspInit
                0x080018d4       0x64 CMakeFiles/stm-cpp-test.dir/Core/Src/stm32f1xx_hal_msp.c.obj
                0x080018d4                HAL_MspInit
 .text._sbrk    0x08001938       0x6c CMakeFiles/stm-cpp-test.dir/Core/Src/sysmem.c.obj
                0x08001938                _sbrk
 .text._read    0x080019a4       0x3a CMakeFiles/stm-cpp-test.dir/Core/Src/syscalls.c.obj
                0x080019a4                _read
 .text._close   0x080019de       0x16 CMakeFiles/stm-cpp-test.dir/Core/Src/syscalls.c.obj
                0x080019de                _close
 .text._fstat   0x080019f4       0x1e CMakeFiles/stm-cpp-test.dir/Core/Src/syscalls.c.obj
                0x080019f4                _fstat
 .text._isatty  0x08001a12       0x14 CMakeFiles/stm-cpp-test.dir/Core/Src/syscalls.c.obj
                0x08001a12                _isatty
 .text._lseek   0x08001a26       0x18 CMakeFiles/stm-cpp-test.dir/Core/Src/syscalls.c.obj
                0x08001a26                _lseek
 *fill*         0x08001a3e        0x2 
 .text.Reset_Handler
                0x08001a40       0x48 CMakeFiles/stm-cpp-test.dir/startup_stm32f103xb.s.obj
                0x08001a40                Reset_Handler
 .text.Default_Handler
                0x08001a88        0x2 CMakeFiles/stm-cpp-test.dir/startup_stm32f103xb.s.obj
                0x08001a88                USBWakeUp_IRQHandler
                0x08001a88                EXTI2_IRQHandler
                0x08001a88                TIM1_CC_IRQHandler
                0x08001a88                PVD_IRQHandler
                0x08001a88                EXTI3_IRQHandler
                0x08001a88                EXTI0_IRQHandler
                0x08001a88                I2C2_EV_IRQHandler
                0x08001a88                ADC1_2_IRQHandler
                0x08001a88                SPI1_IRQHandler
                0x08001a88                TAMPER_IRQHandler
                0x08001a88                DMA1_Channel4_IRQHandler
                0x08001a88                USART3_IRQHandler
                0x08001a88                RTC_IRQHandler
                0x08001a88                DMA1_Channel7_IRQHandler
                0x08001a88                CAN1_RX1_IRQHandler
                0x08001a88                I2C1_EV_IRQHandler
                0x08001a88                DMA1_Channel6_IRQHandler
                0x08001a88                TIM3_IRQHandler
                0x08001a88                RCC_IRQHandler
                0x08001a88                TIM1_TRG_COM_IRQHandler
                0x08001a88                DMA1_Channel1_IRQHandler
                0x08001a88                Default_Handler
                0x08001a88                EXTI15_10_IRQHandler
                0x08001a88                EXTI9_5_IRQHandler
                0x08001a88                SPI2_IRQHandler
                0x08001a88                DMA1_Channel5_IRQHandler
                0x08001a88                EXTI4_IRQHandler
                0x08001a88                USB_LP_CAN1_RX0_IRQHandler
                0x08001a88                USB_HP_CAN1_TX_IRQHandler
                0x08001a88                DMA1_Channel3_IRQHandler
                0x08001a88                TIM1_UP_IRQHandler
                0x08001a88                WWDG_IRQHandler
                0x08001a88                TIM2_IRQHandler
                0x08001a88                TIM1_BRK_IRQHandler
                0x08001a88                EXTI1_IRQHandler
                0x08001a88                USART2_IRQHandler
                0x08001a88                I2C2_ER_IRQHandler
                0x08001a88                DMA1_Channel2_IRQHandler
                0x08001a88                CAN1_SCE_IRQHandler
                0x08001a88                FLASH_IRQHandler
                0x08001a88                USART1_IRQHandler
                0x08001a88                I2C1_ER_IRQHandler
                0x08001a88                RTC_Alarm_IRQHandler
 .text.SystemInit
                0x08001a8a        0xc cmake/stm32cubemx/CMakeFiles/STM32_Drivers.dir/__/__/Core/Src/system_stm32f1xx.c.obj
                0x08001a8a                SystemInit
 *fill*         0x08001a96        0x2 
 .text.HAL_I2C_Init
                0x08001a98      0x288 cmake/stm32cubemx/CMakeFiles/STM32_Drivers.dir/__/__/Drivers/STM32F1xx_HAL_Driver/Src/stm32f1xx_hal_i2c.c.obj
                0x08001a98                HAL_I2C_Init
 .text.HAL_Init
                0x08001d20       0x2c cmake/stm32cubemx/CMakeFiles/STM32_Drivers.dir/__/__/Drivers/STM32F1xx_HAL_Driver/Src/stm32f1xx_hal.c.obj
                0x08001d20                HAL_Init
 .text.HAL_InitTick
                0x08001d4c       0x60 cmake/stm32cubemx/CMakeFiles/STM32_Drivers.dir/__/__/Drivers/STM32F1xx_HAL_Driver/Src/stm32f1xx_hal.c.obj
                0x08001d4c                HAL_InitTick
 .text.HAL_IncTick
                0x08001dac       0x24 cmake/stm32cubemx/CMakeFiles/STM32_Drivers.dir/__/__/Drivers/STM32F1xx_HAL_Driver/Src/stm32f1xx_hal.c.obj
                0x08001dac                HAL_IncTick
 .text.HAL_GetTick
                0x08001dd0       0x14 cmake/stm32cubemx/CMakeFiles/STM32_Drivers.dir/__/__/Drivers/STM32F1xx_HAL_Driver/Src/stm32f1xx_hal.c.obj
                0x08001dd0                HAL_GetTick
 .text.HAL_RCC_OscConfig
                0x08001de4      0x504 cmake/stm32cubemx/CMakeFiles/STM32_Drivers.dir/__/__/Drivers/STM32F1xx_HAL_Driver/Src/stm32f1xx_hal_rcc.c.obj
                0x08001de4                HAL_RCC_OscConfig
 .text.HAL_RCC_ClockConfig
                0x080022e8      0x1d4 cmake/stm32cubemx/CMakeFiles/STM32_Drivers.dir/__/__/Drivers/STM32F1xx_HAL_Driver/Src/stm32f1xx_hal_rcc.c.obj
                0x080022e8                HAL_RCC_ClockConfig
 .text.HAL_RCC_GetSysClockFreq
                0x080024bc       0xa8 cmake/stm32cubemx/CMakeFiles/STM32_Drivers.dir/__/__/Drivers/STM32F1xx_HAL_Driver/Src/stm32f1xx_hal_rcc.c.obj
                0x080024bc                HAL_RCC_GetSysClockFreq
 .text.HAL_RCC_GetHCLKFreq
                0x08002564       0x14 cmake/stm32cubemx/CMakeFiles/STM32_Drivers.dir/__/__/Drivers/STM32F1xx_HAL_Driver/Src/stm32f1xx_hal_rcc.c.obj
                0x08002564                HAL_RCC_GetHCLKFreq
 .text.HAL_RCC_GetPCLK1Freq
                0x08002578       0x28 cmake/stm32cubemx/CMakeFiles/STM32_Drivers.dir/__/__/Drivers/STM32F1xx_HAL_Driver/Src/stm32f1xx_hal_rcc.c.obj
                0x08002578                HAL_RCC_GetPCLK1Freq
 .text.HAL_RCC_GetPCLK2Freq
                0x080025a0       0x28 cmake/stm32cubemx/CMakeFiles/STM32_Drivers.dir/__/__/Drivers/STM32F1xx_HAL_Driver/Src/stm32f1xx_hal_rcc.c.obj
                0x080025a0                HAL_RCC_GetPCLK2Freq
 .text.RCC_Delay
                0x080025c8       0x3c cmake/stm32cubemx/CMakeFiles/STM32_Drivers.dir/__/__/Drivers/STM32F1xx_HAL_Driver/Src/stm32f1xx_hal_rcc.c.obj
 .text.HAL_GPIO_Init
                0x08002604      0x308 cmake/stm32cubemx/CMakeFiles/STM32_Drivers.dir/__/__/Drivers/STM32F1xx_HAL_Driver/Src/stm32f1xx_hal_gpio.c.obj
                0x08002604                HAL_GPIO_Init
 .text.HAL_GPIO_WritePin
                0x0800290c       0x30 cmake/stm32cubemx/CMakeFiles/STM32_Drivers.dir/__/__/Drivers/STM32F1xx_HAL_Driver/Src/stm32f1xx_hal_gpio.c.obj
                0x0800290c                HAL_GPIO_WritePin
 .text.HAL_GPIO_TogglePin
                0x0800293c       0x32 cmake/stm32cubemx/CMakeFiles/STM32_Drivers.dir/__/__/Drivers/STM32F1xx_HAL_Driver/Src/stm32f1xx_hal_gpio.c.obj
                0x0800293c                HAL_GPIO_TogglePin
 *fill*         0x0800296e        0x2 
 .text.__NVIC_SetPriorityGrouping
                0x08002970       0x48 cmake/stm32cubemx/CMakeFiles/STM32_Drivers.dir/__/__/Drivers/STM32F1xx_HAL_Driver/Src/stm32f1xx_hal_cortex.c.obj
 .text.__NVIC_GetPriorityGrouping
                0x080029b8       0x1c cmake/stm32cubemx/CMakeFiles/STM32_Drivers.dir/__/__/Drivers/STM32F1xx_HAL_Driver/Src/stm32f1xx_hal_cortex.c.obj
 .text.__NVIC_EnableIRQ
                0x080029d4       0x38 cmake/stm32cubemx/CMakeFiles/STM32_Drivers.dir/__/__/Drivers/STM32F1xx_HAL_Driver/Src/stm32f1xx_hal_cortex.c.obj
 .text.__NVIC_SetPriority
                0x08002a0c       0x54 cmake/stm32cubemx/CMakeFiles/STM32_Drivers.dir/__/__/Drivers/STM32F1xx_HAL_Driver/Src/stm32f1xx_hal_cortex.c.obj
 .text.NVIC_EncodePriority
                0x08002a60       0x64 cmake/stm32cubemx/CMakeFiles/STM32_Drivers.dir/__/__/Drivers/STM32F1xx_HAL_Driver/Src/stm32f1xx_hal_cortex.c.obj
 .text.SysTick_Config
                0x08002ac4       0x44 cmake/stm32cubemx/CMakeFiles/STM32_Drivers.dir/__/__/Drivers/STM32F1xx_HAL_Driver/Src/stm32f1xx_hal_cortex.c.obj
 .text.HAL_NVIC_SetPriorityGrouping
                0x08002b08       0x16 cmake/stm32cubemx/CMakeFiles/STM32_Drivers.dir/__/__/Drivers/STM32F1xx_HAL_Driver/Src/stm32f1xx_hal_cortex.c.obj
                0x08002b08                HAL_NVIC_SetPriorityGrouping
 .text.HAL_NVIC_SetPriority
                0x08002b1e       0x38 cmake/stm32cubemx/CMakeFiles/STM32_Drivers.dir/__/__/Drivers/STM32F1xx_HAL_Driver/Src/stm32f1xx_hal_cortex.c.obj
                0x08002b1e                HAL_NVIC_SetPriority
 .text.HAL_NVIC_EnableIRQ
                0x08002b56       0x1c cmake/stm32cubemx/CMakeFiles/STM32_Drivers.dir/__/__/Drivers/STM32F1xx_HAL_Driver/Src/stm32f1xx_hal_cortex.c.obj
                0x08002b56                HAL_NVIC_EnableIRQ
 .text.HAL_SYSTICK_Config
                0x08002b72       0x18 cmake/stm32cubemx/CMakeFiles/STM32_Drivers.dir/__/__/Drivers/STM32F1xx_HAL_Driver/Src/stm32f1xx_hal_cortex.c.obj
                0x08002b72                HAL_SYSTICK_Config
 .text.HAL_TIM_Base_Init
                0x08002b8a       0x9e cmake/stm32cubemx/CMakeFiles/STM32_Drivers.dir/__/__/Drivers/STM32F1xx_HAL_Driver/Src/stm32f1xx_hal_tim.c.obj
                0x08002b8a                HAL_TIM_Base_Init
 .text.HAL_TIM_Base_Start_IT
                0x08002c28       0xa4 cmake/stm32cubemx/CMakeFiles/STM32_Drivers.dir/__/__/Drivers/STM32F1xx_HAL_Driver/Src/stm32f1xx_hal_tim.c.obj
                0x08002c28                HAL_TIM_Base_Start_IT
 .text.HAL_TIM_PWM_Init
                0x08002ccc       0x9e cmake/stm32cubemx/CMakeFiles/STM32_Drivers.dir/__/__/Drivers/STM32F1xx_HAL_Driver/Src/stm32f1xx_hal_tim.c.obj
                0x08002ccc                HAL_TIM_PWM_Init
 *fill*         0x08002d6a        0x2 
 .text.HAL_TIM_PWM_Start
                0x08002d6c      0x144 cmake/stm32cubemx/CMakeFiles/STM32_Drivers.dir/__/__/Drivers/STM32F1xx_HAL_Driver/Src/stm32f1xx_hal_tim.c.obj
                0x08002d6c                HAL_TIM_PWM_Start
 .text.HAL_TIM_Encoder_Init
                0x08002eb0      0x144 cmake/stm32cubemx/CMakeFiles/STM32_Drivers.dir/__/__/Drivers/STM32F1xx_HAL_Driver/Src/stm32f1xx_hal_tim.c.obj
                0x08002eb0                HAL_TIM_Encoder_Init
 .text.HAL_TIM_Encoder_Start
                0x08002ff4      0x11c cmake/stm32cubemx/CMakeFiles/STM32_Drivers.dir/__/__/Drivers/STM32F1xx_HAL_Driver/Src/stm32f1xx_hal_tim.c.obj
                0x08002ff4                HAL_TIM_Encoder_Start
 .text.HAL_TIM_IRQHandler
                0x08003110      0x1e0 cmake/stm32cubemx/CMakeFiles/STM32_Drivers.dir/__/__/Drivers/STM32F1xx_HAL_Driver/Src/stm32f1xx_hal_tim.c.obj
                0x08003110                HAL_TIM_IRQHandler
 .text.HAL_TIM_PWM_ConfigChannel
                0x080032f0      0x184 cmake/stm32cubemx/CMakeFiles/STM32_Drivers.dir/__/__/Drivers/STM32F1xx_HAL_Driver/Src/stm32f1xx_hal_tim.c.obj
                0x080032f0                HAL_TIM_PWM_ConfigChannel
 .text.HAL_TIM_ConfigClockSource
                0x08003474      0x18e cmake/stm32cubemx/CMakeFiles/STM32_Drivers.dir/__/__/Drivers/STM32F1xx_HAL_Driver/Src/stm32f1xx_hal_tim.c.obj
                0x08003474                HAL_TIM_ConfigClockSource
 .text.HAL_TIM_OC_DelayElapsedCallback
                0x08003602       0x12 cmake/stm32cubemx/CMakeFiles/STM32_Drivers.dir/__/__/Drivers/STM32F1xx_HAL_Driver/Src/stm32f1xx_hal_tim.c.obj
                0x08003602                HAL_TIM_OC_DelayElapsedCallback
 .text.HAL_TIM_IC_CaptureCallback
                0x08003614       0x12 cmake/stm32cubemx/CMakeFiles/STM32_Drivers.dir/__/__/Drivers/STM32F1xx_HAL_Driver/Src/stm32f1xx_hal_tim.c.obj
                0x08003614                HAL_TIM_IC_CaptureCallback
 .text.HAL_TIM_PWM_PulseFinishedCallback
                0x08003626       0x12 cmake/stm32cubemx/CMakeFiles/STM32_Drivers.dir/__/__/Drivers/STM32F1xx_HAL_Driver/Src/stm32f1xx_hal_tim.c.obj
                0x08003626                HAL_TIM_PWM_PulseFinishedCallback
 .text.HAL_TIM_TriggerCallback
                0x08003638       0x12 cmake/stm32cubemx/CMakeFiles/STM32_Drivers.dir/__/__/Drivers/STM32F1xx_HAL_Driver/Src/stm32f1xx_hal_tim.c.obj
                0x08003638                HAL_TIM_TriggerCallback
 *fill*         0x0800364a        0x2 
 .text.TIM_Base_SetConfig
                0x0800364c       0xdc cmake/stm32cubemx/CMakeFiles/STM32_Drivers.dir/__/__/Drivers/STM32F1xx_HAL_Driver/Src/stm32f1xx_hal_tim.c.obj
                0x0800364c                TIM_Base_SetConfig
 .text.TIM_OC1_SetConfig
                0x08003728       0xcc cmake/stm32cubemx/CMakeFiles/STM32_Drivers.dir/__/__/Drivers/STM32F1xx_HAL_Driver/Src/stm32f1xx_hal_tim.c.obj
 .text.TIM_OC2_SetConfig
                0x080037f4       0xd4 cmake/stm32cubemx/CMakeFiles/STM32_Drivers.dir/__/__/Drivers/STM32F1xx_HAL_Driver/Src/stm32f1xx_hal_tim.c.obj
                0x080037f4                TIM_OC2_SetConfig
 .text.TIM_OC3_SetConfig
                0x080038c8       0xd4 cmake/stm32cubemx/CMakeFiles/STM32_Drivers.dir/__/__/Drivers/STM32F1xx_HAL_Driver/Src/stm32f1xx_hal_tim.c.obj
 .text.TIM_OC4_SetConfig
                0x0800399c       0x9c cmake/stm32cubemx/CMakeFiles/STM32_Drivers.dir/__/__/Drivers/STM32F1xx_HAL_Driver/Src/stm32f1xx_hal_tim.c.obj
 .text.TIM_TI1_ConfigInputStage
                0x08003a38       0x5c cmake/stm32cubemx/CMakeFiles/STM32_Drivers.dir/__/__/Drivers/STM32F1xx_HAL_Driver/Src/stm32f1xx_hal_tim.c.obj
 .text.TIM_TI2_ConfigInputStage
                0x08003a94       0x5e cmake/stm32cubemx/CMakeFiles/STM32_Drivers.dir/__/__/Drivers/STM32F1xx_HAL_Driver/Src/stm32f1xx_hal_tim.c.obj
 .text.TIM_ITRx_SetConfig
                0x08003af2       0x34 cmake/stm32cubemx/CMakeFiles/STM32_Drivers.dir/__/__/Drivers/STM32F1xx_HAL_Driver/Src/stm32f1xx_hal_tim.c.obj
 .text.TIM_ETR_SetConfig
                0x08003b26       0x3e cmake/stm32cubemx/CMakeFiles/STM32_Drivers.dir/__/__/Drivers/STM32F1xx_HAL_Driver/Src/stm32f1xx_hal_tim.c.obj
                0x08003b26                TIM_ETR_SetConfig
 .text.TIM_CCxChannelCmd
                0x08003b64       0x48 cmake/stm32cubemx/CMakeFiles/STM32_Drivers.dir/__/__/Drivers/STM32F1xx_HAL_Driver/Src/stm32f1xx_hal_tim.c.obj
                0x08003b64                TIM_CCxChannelCmd
 .text.HAL_TIMEx_MasterConfigSynchronization
                0x08003bac       0xbc cmake/stm32cubemx/CMakeFiles/STM32_Drivers.dir/__/__/Drivers/STM32F1xx_HAL_Driver/Src/stm32f1xx_hal_tim_ex.c.obj
                0x08003bac                HAL_TIMEx_MasterConfigSynchronization
 .text.HAL_TIMEx_CommutCallback
                0x08003c68       0x12 cmake/stm32cubemx/CMakeFiles/STM32_Drivers.dir/__/__/Drivers/STM32F1xx_HAL_Driver/Src/stm32f1xx_hal_tim_ex.c.obj
                0x08003c68                HAL_TIMEx_CommutCallback
 .text.HAL_TIMEx_BreakCallback
                0x08003c7a       0x12 cmake/stm32cubemx/CMakeFiles/STM32_Drivers.dir/__/__/Drivers/STM32F1xx_HAL_Driver/Src/stm32f1xx_hal_tim_ex.c.obj
                0x08003c7a                HAL_TIMEx_BreakCallback
 .text.HAL_UART_Init
                0x08003c8c       0xa0 cmake/stm32cubemx/CMakeFiles/STM32_Drivers.dir/__/__/Drivers/STM32F1xx_HAL_Driver/Src/stm32f1xx_hal_uart.c.obj
                0x08003c8c                HAL_UART_Init
 .text.HAL_UART_Transmit
                0x08003d2c      0x116 cmake/stm32cubemx/CMakeFiles/STM32_Drivers.dir/__/__/Drivers/STM32F1xx_HAL_Driver/Src/stm32f1xx_hal_uart.c.obj
                0x08003d2c                HAL_UART_Transmit
 .text.UART_WaitOnFlagUntilTimeout
                0x08003e42       0xb2 cmake/stm32cubemx/CMakeFiles/STM32_Drivers.dir/__/__/Drivers/STM32F1xx_HAL_Driver/Src/stm32f1xx_hal_uart.c.obj
 .text.UART_EndRxTransfer
                0x08003ef4       0xc4 cmake/stm32cubemx/CMakeFiles/STM32_Drivers.dir/__/__/Drivers/STM32F1xx_HAL_Driver/Src/stm32f1xx_hal_uart.c.obj
 .text.UART_SetConfig
                0x08003fb8      0x11c cmake/stm32cubemx/CMakeFiles/STM32_Drivers.dir/__/__/Drivers/STM32F1xx_HAL_Driver/Src/stm32f1xx_hal_uart.c.obj
 .text.__aeabi_atexit
                0x080040d4        0xa /opt/ST/STM32CubeCLT_1.21.0/GNU-tools-for-STM32/bin/../lib/gcc/arm-none-eabi/14.3.1/../../../../arm-none-eabi/lib/thumb/v7-m/nofp/libstdc++_nano.a(atexit_arm.o)
                0x080040d4                __aeabi_atexit
 .text._ZdlPvj  0x080040de        0x4 /opt/ST/STM32CubeCLT_1.21.0/GNU-tools-for-STM32/bin/../lib/gcc/arm-none-eabi/14.3.1/../../../../arm-none-eabi/lib/thumb/v7-m/nofp/libstdc++_nano.a(del_ops.o)
                0x080040de                operator delete(void*, unsigned int)
 .text._ZdlPv   0x080040e2        0x4 /opt/ST/STM32CubeCLT_1.21.0/GNU-tools-for-STM32/bin/../lib/gcc/arm-none-eabi/14.3.1/../../../../arm-none-eabi/lib/thumb/v7-m/nofp/libstdc++_nano.a(del_op.o)
                0x080040e2                operator delete(void*)
 *fill*         0x080040e6        0x2 
 .text.free     0x080040e8       0x10 /opt/ST/STM32CubeCLT_1.21.0/GNU-tools-for-STM32/bin/../lib/gcc/arm-none-eabi/14.3.1/../../../../arm-none-eabi/lib/thumb/v7-m/nofp/libg_nano.a(libc_a-malloc.o)
                0x080040e8                free
 .text.sbrk_aligned
                0x080040f8       0x44 /opt/ST/STM32CubeCLT_1.21.0/GNU-tools-for-STM32/bin/../lib/gcc/arm-none-eabi/14.3.1/../../../../arm-none-eabi/lib/thumb/v7-m/nofp/libg_nano.a(libc_a-mallocr.o)
 .text._malloc_r
                0x0800413c      0x100 /opt/ST/STM32CubeCLT_1.21.0/GNU-tools-for-STM32/bin/../lib/gcc/arm-none-eabi/14.3.1/../../../../arm-none-eabi/lib/thumb/v7-m/nofp/libg_nano.a(libc_a-mallocr.o)
                0x0800413c                _malloc_r
 .text.__malloc_lock
                0x0800423c        0xc /opt/ST/STM32CubeCLT_1.21.0/GNU-tools-for-STM32/bin/../lib/gcc/arm-none-eabi/14.3.1/../../../../arm-none-eabi/lib/thumb/v7-m/nofp/libg_nano.a(libc_a-mlock.o)
                0x0800423c                __malloc_lock
 .text.__malloc_unlock
                0x08004248        0xc /opt/ST/STM32CubeCLT_1.21.0/GNU-tools-for-STM32/bin/../lib/gcc/arm-none-eabi/14.3.1/../../../../arm-none-eabi/lib/thumb/v7-m/nofp/libg_nano.a(libc_a-mlock.o)
                0x08004248                __malloc_unlock
 .text.std      0x08004254       0x6c /opt/ST/STM32CubeCLT_1.21.0/GNU-tools-for-STM32/bin/../lib/gcc/arm-none-eabi/14.3.1/../../../../arm-none-eabi/lib/thumb/v7-m/nofp/libg_nano.a(libc_a-findfp.o)
 .text.stdio_exit_handler
                0x080042c0       0x18 /opt/ST/STM32CubeCLT_1.21.0/GNU-tools-for-STM32/bin/../lib/gcc/arm-none-eabi/14.3.1/../../../../arm-none-eabi/lib/thumb/v7-m/nofp/libg_nano.a(libc_a-findfp.o)
 .text.cleanup_stdio
                0x080042d8       0x40 /opt/ST/STM32CubeCLT_1.21.0/GNU-tools-for-STM32/bin/../lib/gcc/arm-none-eabi/14.3.1/../../../../arm-none-eabi/lib/thumb/v7-m/nofp/libg_nano.a(libc_a-findfp.o)
 .text.global_stdio_init.part.0
                0x08004318       0x40 /opt/ST/STM32CubeCLT_1.21.0/GNU-tools-for-STM32/bin/../lib/gcc/arm-none-eabi/14.3.1/../../../../arm-none-eabi/lib/thumb/v7-m/nofp/libg_nano.a(libc_a-findfp.o)
 .text.__sfp_lock_acquire
                0x08004358        0xc /opt/ST/STM32CubeCLT_1.21.0/GNU-tools-for-STM32/bin/../lib/gcc/arm-none-eabi/14.3.1/../../../../arm-none-eabi/lib/thumb/v7-m/nofp/libg_nano.a(libc_a-findfp.o)
                0x08004358                __sfp_lock_acquire
 .text.__sfp_lock_release
                0x08004364        0xc /opt/ST/STM32CubeCLT_1.21.0/GNU-tools-for-STM32/bin/../lib/gcc/arm-none-eabi/14.3.1/../../../../arm-none-eabi/lib/thumb/v7-m/nofp/libg_nano.a(libc_a-findfp.o)
                0x08004364                __sfp_lock_release
 .text.__sinit  0x08004370       0x30 /opt/ST/STM32CubeCLT_1.21.0/GNU-tools-for-STM32/bin/../lib/gcc/arm-none-eabi/14.3.1/../../../../arm-none-eabi/lib/thumb/v7-m/nofp/libg_nano.a(libc_a-findfp.o)
                0x08004370                __sinit
 .text._fwalk_sglue
                0x080043a0       0x3c /opt/ST/STM32CubeCLT_1.21.0/GNU-tools-for-STM32/bin/../lib/gcc/arm-none-eabi/14.3.1/../../../../arm-none-eabi/lib/thumb/v7-m/nofp/libg_nano.a(libc_a-fwalk.o)
                0x080043a0                _fwalk_sglue
 .text._puts_r  0x080043dc       0xaa /opt/ST/STM32CubeCLT_1.21.0/GNU-tools-for-STM32/bin/../lib/gcc/arm-none-eabi/14.3.1/../../../../arm-none-eabi/lib/thumb/v7-m/nofp/libg_nano.a(libc_a-puts.o)
                0x080043dc                _puts_r
 *fill*         0x08004486        0x2 
 .text.puts     0x08004488       0x10 /opt/ST/STM32CubeCLT_1.21.0/GNU-tools-for-STM32/bin/../lib/gcc/arm-none-eabi/14.3.1/../../../../arm-none-eabi/lib/thumb/v7-m/nofp/libg_nano.a(libc_a-puts.o)
                0x08004488                puts
 .text.memset   0x08004498       0x10 /opt/ST/STM32CubeCLT_1.21.0/GNU-tools-for-STM32/bin/../lib/gcc/arm-none-eabi/14.3.1/../../../../arm-none-eabi/lib/thumb/v7-m/nofp/libg_nano.a(libc_a-memset.o)
                0x08004498                memset
 .text._sbrk_r  0x080044a8       0x20 /opt/ST/STM32CubeCLT_1.21.0/GNU-tools-for-STM32/bin/../lib/gcc/arm-none-eabi/14.3.1/../../../../arm-none-eabi/lib/thumb/v7-m/nofp/libg_nano.a(libc_a-sbrkr.o)
                0x080044a8                _sbrk_r
 .text.__errno  0x080044c8        0xc /opt/ST/STM32CubeCLT_1.21.0/GNU-tools-for-STM32/bin/../lib/gcc/arm-none-eabi/14.3.1/../../../../arm-none-eabi/lib/thumb/v7-m/nofp/libg_nano.a(libc_a-errno.o)
                0x080044c8                __errno
 .text.__libc_init_array
                0x080044d4       0x48 /opt/ST/STM32CubeCLT_1.21.0/GNU-tools-for-STM32/bin/../lib/gcc/arm-none-eabi/14.3.1/../../../../arm-none-eabi/lib/thumb/v7-m/nofp/libg_nano.a(libc_a-init.o)
                0x080044d4                __libc_init_array
 .text.__retarget_lock_init_recursive
                0x0800451c        0x2 /opt/ST/STM32CubeCLT_1.21.0/GNU-tools-for-STM32/bin/../lib/gcc/arm-none-eabi/14.3.1/../../../../arm-none-eabi/lib/thumb/v7-m/nofp/libg_nano.a(libc_a-lock.o)
                0x0800451c                __retarget_lock_init_recursive
 .text.__retarget_lock_acquire_recursive
                0x0800451e        0x2 /opt/ST/STM32CubeCLT_1.21.0/GNU-tools-for-STM32/bin/../lib/gcc/arm-none-eabi/14.3.1/../../../../arm-none-eabi/lib/thumb/v7-m/nofp/libg_nano.a(libc_a-lock.o)
                0x0800451e                __retarget_lock_acquire_recursive
 .text.__retarget_lock_release_recursive
                0x08004520        0x2 /opt/ST/STM32CubeCLT_1.21.0/GNU-tools-for-STM32/bin/../lib/gcc/arm-none-eabi/14.3.1/../../../../arm-none-eabi/lib/thumb/v7-m/nofp/libg_nano.a(libc_a-lock.o)
                0x08004520                __retarget_lock_release_recursive
 *fill*         0x08004522        0x2 
 .text.__cxa_atexit
                0x08004524       0x1c /opt/ST/STM32CubeCLT_1.21.0/GNU-tools-for-STM32/bin/../lib/gcc/arm-none-eabi/14.3.1/../../../../arm-none-eabi/lib/thumb/v7-m/nofp/libg_nano.a(libc_a-cxa_atexit.o)
                0x08004524                __cxa_atexit
 .text._free_r  0x08004540       0x90 /opt/ST/STM32CubeCLT_1.21.0/GNU-tools-for-STM32/bin/../lib/gcc/arm-none-eabi/14.3.1/../../../../arm-none-eabi/lib/thumb/v7-m/nofp/libg_nano.a(libc_a-freer.o)
                0x08004540                _free_r
 .text.__sflush_r
                0x080045d0       0xfc /opt/ST/STM32CubeCLT_1.21.0/GNU-tools-for-STM32/bin/../lib/gcc/arm-none-eabi/14.3.1/../../../../arm-none-eabi/lib/thumb/v7-m/nofp/libg_nano.a(libc_a-fflush.o)
                0x080045d0                __sflush_r
 .text._fflush_r
                0x080046cc       0x50 /opt/ST/STM32CubeCLT_1.21.0/GNU-tools-for-STM32/bin/../lib/gcc/arm-none-eabi/14.3.1/../../../../arm-none-eabi/lib/thumb/v7-m/nofp/libg_nano.a(libc_a-fflush.o)
                0x080046cc                _fflush_r
 .text.__sread  0x0800471c       0x22 /opt/ST/STM32CubeCLT_1.21.0/GNU-tools-for-STM32/bin/../lib/gcc/arm-none-eabi/14.3.1/../../../../arm-none-eabi/lib/thumb/v7-m/nofp/libg_nano.a(libc_a-stdio.o)
                0x0800471c                __sread
 .text.__swrite
                0x0800473e       0x38 /opt/ST/STM32CubeCLT_1.21.0/GNU-tools-for-STM32/bin/../lib/gcc/arm-none-eabi/14.3.1/../../../../arm-none-eabi/lib/thumb/v7-m/nofp/libg_nano.a(libc_a-stdio.o)
                0x0800473e                __swrite
 .text.__sseek  0x08004776       0x26 /opt/ST/STM32CubeCLT_1.21.0/GNU-tools-for-STM32/bin/../lib/gcc/arm-none-eabi/14.3.1/../../../../arm-none-eabi/lib/thumb/v7-m/nofp/libg_nano.a(libc_a-stdio.o)
                0x08004776                __sseek
 .text.__sclose
                0x0800479c        0x8 /opt/ST/STM32CubeCLT_1.21.0/GNU-tools-for-STM32/bin/../lib/gcc/arm-none-eabi/14.3.1/../../../../arm-none-eabi/lib/thumb/v7-m/nofp/libg_nano.a(libc_a-stdio.o)
                0x0800479c                __sclose
 .text.__swbuf_r
                0x080047a4       0x7c /opt/ST/STM32CubeCLT_1.21.0/GNU-tools-for-STM32/bin/../lib/gcc/arm-none-eabi/14.3.1/../../../../arm-none-eabi/lib/thumb/v7-m/nofp/libg_nano.a(libc_a-wbuf.o)
                0x080047a4                __swbuf_r
 .text.__swsetup_r
                0x08004820       0xa8 /opt/ST/STM32CubeCLT_1.21.0/GNU-tools-for-STM32/bin/../lib/gcc/arm-none-eabi/14.3.1/../../../../arm-none-eabi/lib/thumb/v7-m/nofp/libg_nano.a(libc_a-wsetup.o)
                0x08004820                __swsetup_r
 .text.__swhatbuf_r
                0x080048c8       0x48 /opt/ST/STM32CubeCLT_1.21.0/GNU-tools-for-STM32/bin/../lib/gcc/arm-none-eabi/14.3.1/../../../../arm-none-eabi/lib/thumb/v7-m/nofp/libg_nano.a(libc_a-makebuf.o)
                0x080048c8                __swhatbuf_r
 .text.__smakebuf_r
                0x08004910       0x72 /opt/ST/STM32CubeCLT_1.21.0/GNU-tools-for-STM32/bin/../lib/gcc/arm-none-eabi/14.3.1/../../../../arm-none-eabi/lib/thumb/v7-m/nofp/libg_nano.a(libc_a-makebuf.o)
                0x08004910                __smakebuf_r
 *fill*         0x08004982        0x2 
 .text._isatty_r
                0x08004984       0x20 /opt/ST/STM32CubeCLT_1.21.0/GNU-tools-for-STM32/bin/../lib/gcc/arm-none-eabi/14.3.1/../../../../arm-none-eabi/lib/thumb/v7-m/nofp/libg_nano.a(libc_a-isattyr.o)
                0x08004984                _isatty_r
 .text._lseek_r
                0x080049a4       0x24 /opt/ST/STM32CubeCLT_1.21.0/GNU-tools-for-STM32/bin/../lib/gcc/arm-none-eabi/14.3.1/../../../../arm-none-eabi/lib/thumb/v7-m/nofp/libg_nano.a(libc_a-lseekr.o)
                0x080049a4                _lseek_r
 .text._read_r  0x080049c8       0x24 /opt/ST/STM32CubeCLT_1.21.0/GNU-tools-for-STM32/bin/../lib/gcc/arm-none-eabi/14.3.1/../../../../arm-none-eabi/lib/thumb/v7-m/nofp/libg_nano.a(libc_a-readr.o)
                0x080049c8                _read_r
 .text._write_r
                0x080049ec       0x24 /opt/ST/STM32CubeCLT_1.21.0/GNU-tools-for-STM32/bin/../lib/gcc/arm-none-eabi/14.3.1/../../../../arm-none-eabi/lib/thumb/v7-m/nofp/libg_nano.a(libc_a-writer.o)
                0x080049ec                _write_r
 .text._close_r
                0x08004a10       0x20 /opt/ST/STM32CubeCLT_1.21.0/GNU-tools-for-STM32/bin/../lib/gcc/arm-none-eabi/14.3.1/../../../../arm-none-eabi/lib/thumb/v7-m/nofp/libg_nano.a(libc_a-closer.o)
                0x08004a10                _close_r
 .text._fstat_r
                0x08004a30       0x24 /opt/ST/STM32CubeCLT_1.21.0/GNU-tools-for-STM32/bin/../lib/gcc/arm-none-eabi/14.3.1/../../../../arm-none-eabi/lib/thumb/v7-m/nofp/libg_nano.a(libc_a-fstatr.o)
                0x08004a30                _fstat_r
 *(.glue_7)
 .glue_7        0x08004a54        0x0 linker stubs
 *(.glue_7t)
 .glue_7t       0x08004a54        0x0 linker stubs
 *(.eh_frame)
 .eh_frame      0x08004a54        0x0 /opt/ST/STM32CubeCLT_1.21.0/GNU-tools-for-STM32/bin/../lib/gcc/arm-none-eabi/14.3.1/thumb/v7-m/nofp/crtbegin.o
 *(.init)
 .init          0x08004a54        0x4 /opt/ST/STM32CubeCLT_1.21.0/GNU-tools-for-STM32/bin/../lib/gcc/arm-none-eabi/14.3.1/thumb/v7-m/nofp/crti.o
                0x08004a54                _init
 .init          0x08004a58        0x8 /opt/ST/STM32CubeCLT_1.21.0/GNU-tools-for-STM32/bin/../lib/gcc/arm-none-eabi/14.3.1/thumb/v7-m/nofp/crtn.o
 *(.fini)
 .fini          0x08004a60        0x4 /opt/ST/STM32CubeCLT_1.21.0/GNU-tools-for-STM32/bin/../lib/gcc/arm-none-eabi/14.3.1/thumb/v7-m/nofp/crti.o
                0x08004a60                _fini
 .fini          0x08004a64        0x8 /opt/ST/STM32CubeCLT_1.21.0/GNU-tools-for-STM32/bin/../lib/gcc/arm-none-eabi/14.3.1/thumb/v7-m/nofp/crtn.o
                0x08004a6c                        . = ALIGN (0x4)
                0x08004a6c                        _etext = .

.vfp11_veneer   0x08004a6c        0x0
 .vfp11_veneer  0x08004a6c        0x0 linker stubs

.v4_bx          0x08004a6c        0x0
 .v4_bx         0x08004a6c        0x0 linker stubs

.iplt           0x08004a6c        0x0
 .iplt          0x08004a6c        0x0 /opt/ST/STM32CubeCLT_1.21.0/GNU-tools-for-STM32/bin/../lib/gcc/arm-none-eabi/14.3.1/thumb/v7-m/nofp/crtbegin.o

.rodata         0x08004a6c       0x9c
                0x08004a6c                        . = ALIGN (0x4)
 *(.rodata)
 .rodata        0x08004a6c        0x6 CMakeFiles/stm-cpp-test.dir/User/state/State_test.cpp.obj
 *(.rodata*)
 *fill*         0x08004a72        0x2 
 .rodata._ZTV13PIDController
                0x08004a74       0x18 CMakeFiles/stm-cpp-test.dir/User/main/main_entry.cpp.obj
                0x08004a74                vtable for PIDController
 .rodata._ZTV5State
                0x08004a8c       0x1c CMakeFiles/stm-cpp-test.dir/User/main/main_entry.cpp.obj
                0x08004a8c                vtable for State
 .rodata._ZTV13PositionalPID
                0x08004aa8       0x18 CMakeFiles/stm-cpp-test.dir/User/pid/PositionalPID.cpp.obj
                0x08004aa8                vtable for PositionalPID
 .rodata._ZTV10State_test
                0x08004ac0       0x1c CMakeFiles/stm-cpp-test.dir/User/state/State_test.cpp.obj
                0x08004ac0                vtable for State_test
 .rodata.AHBPrescTable
                0x08004adc       0x10 cmake/stm32cubemx/CMakeFiles/STM32_Drivers.dir/__/__/Core/Src/system_stm32f1xx.c.obj
                0x08004adc                AHBPrescTable
 .rodata.APBPrescTable
                0x08004aec        0x8 cmake/stm32cubemx/CMakeFiles/STM32_Drivers.dir/__/__/Core/Src/system_stm32f1xx.c.obj
                0x08004aec                APBPrescTable
 .rodata.aPLLMULFactorTable.1
                0x08004af4       0x10 cmake/stm32cubemx/CMakeFiles/STM32_Drivers.dir/__/__/Drivers/STM32F1xx_HAL_Driver/Src/stm32f1xx_hal_rcc.c.obj
 .rodata.aPredivFactorTable.0
                0x08004b04        0x2 cmake/stm32cubemx/CMakeFiles/STM32_Drivers.dir/__/__/Drivers/STM32F1xx_HAL_Driver/Src/stm32f1xx_hal_rcc.c.obj
                0x08004b08                        . = ALIGN (0x4)
 *fill*         0x08004b06        0x2 

.ARM.extab      0x08004b08        0x0
                0x08004b08                        . = ALIGN (0x4)
 *(.ARM.extab* .gnu.linkonce.armextab.*)
                0x08004b08                        . = ALIGN (0x4)

.ARM            0x08004b08        0x0
                0x08004b08                        . = ALIGN (0x4)
                0x08004b08                        __exidx_start = .
 *(.ARM.exidx*)
                0x08004b08                        __exidx_end = .
                0x08004b08                        . = ALIGN (0x4)

.preinit_array  0x08004b08        0x0
                0x08004b08                        . = ALIGN (0x4)
                0x08004b08                        PROVIDE (__preinit_array_start = .)
 *(.preinit_array*)
                0x08004b08                        PROVIDE (__preinit_array_end = .)
                0x08004b08                        . = ALIGN (0x4)

.init_array     0x08004b08        0x4
                0x08004b08                        . = ALIGN (0x4)
                0x08004b08                        PROVIDE (__init_array_start = .)
 *(SORT_BY_NAME(.init_array.*))
 *(.init_array*)
 .init_array    0x08004b08        0x4 /opt/ST/STM32CubeCLT_1.21.0/GNU-tools-for-STM32/bin/../lib/gcc/arm-none-eabi/14.3.1/thumb/v7-m/nofp/crtbegin.o
                0x08004b0c                        PROVIDE (__init_array_end = .)
                0x08004b0c                        . = ALIGN (0x4)

.fini_array     0x08004b0c        0x4
                0x08004b0c                        . = ALIGN (0x4)
                [!provide]                        PROVIDE (__fini_array_start = .)
 *(SORT_BY_NAME(.fini_array.*))
 *(.fini_array*)
 .fini_array    0x08004b0c        0x4 /opt/ST/STM32CubeCLT_1.21.0/GNU-tools-for-STM32/bin/../lib/gcc/arm-none-eabi/14.3.1/thumb/v7-m/nofp/crtbegin.o
                [!provide]                        PROVIDE (__fini_array_end = .)
                0x08004b10                        . = ALIGN (0x4)
                0x08004b10                        _sidata = LOADADDR (.data)

.rel.dyn        0x08004b10        0x0
 .rel.iplt      0x08004b10        0x0 /opt/ST/STM32CubeCLT_1.21.0/GNU-tools-for-STM32/bin/../lib/gcc/arm-none-eabi/14.3.1/thumb/v7-m/nofp/crtbegin.o

.data           0x20000000       0x6c load address 0x08004b10
                0x20000000                        . = ALIGN (0x4)
                0x20000000                        _sdata = .
 *(.data)
 .data          0x20000000        0x4 /opt/ST/STM32CubeCLT_1.21.0/GNU-tools-for-STM32/bin/../lib/gcc/arm-none-eabi/14.3.1/thumb/v7-m/nofp/crtbegin.o
                0x20000000                __dso_handle
 *(.data*)
 .data.SystemCoreClock
                0x20000004        0x4 cmake/stm32cubemx/CMakeFiles/STM32_Drivers.dir/__/__/Core/Src/system_stm32f1xx.c.obj
                0x20000004                SystemCoreClock
 .data.uwTickPrio
                0x20000008        0x4 cmake/stm32cubemx/CMakeFiles/STM32_Drivers.dir/__/__/Drivers/STM32F1xx_HAL_Driver/Src/stm32f1xx_hal.c.obj
                0x20000008                uwTickPrio
 .data.uwTickFreq
                0x2000000c        0x1 cmake/stm32cubemx/CMakeFiles/STM32_Drivers.dir/__/__/Drivers/STM32F1xx_HAL_Driver/Src/stm32f1xx_hal.c.obj
                0x2000000c                uwTickFreq
 *fill*         0x2000000d        0x3 
 .data.__sglue  0x20000010        0xc /opt/ST/STM32CubeCLT_1.21.0/GNU-tools-for-STM32/bin/../lib/gcc/arm-none-eabi/14.3.1/../../../../arm-none-eabi/lib/thumb/v7-m/nofp/libg_nano.a(libc_a-findfp.o)
                0x20000010                __sglue
 .data._impure_ptr
                0x2000001c        0x4 /opt/ST/STM32CubeCLT_1.21.0/GNU-tools-for-STM32/bin/../lib/gcc/arm-none-eabi/14.3.1/../../../../arm-none-eabi/lib/thumb/v7-m/nofp/libg_nano.a(libc_a-impure.o)
                0x2000001c                _impure_ptr
 .data._impure_data
                0x20000020       0x4c /opt/ST/STM32CubeCLT_1.21.0/GNU-tools-for-STM32/bin/../lib/gcc/arm-none-eabi/14.3.1/../../../../arm-none-eabi/lib/thumb/v7-m/nofp/libg_nano.a(libc_a-impure.o)
                0x20000020                _impure_data
 *(.RamFunc)
 *(.RamFunc*)
                0x2000006c                        . = ALIGN (0x4)

.igot.plt       0x2000006c        0x0 load address 0x08004b7c
 .igot.plt      0x2000006c        0x0 /opt/ST/STM32CubeCLT_1.21.0/GNU-tools-for-STM32/bin/../lib/gcc/arm-none-eabi/14.3.1/thumb/v7-m/nofp/crtbegin.o

.tdata          0x2000006c        0x0 load address 0x08004b7c
 *(.tdata .tdata.* .gnu.linkonce.td.*)
                0x2000006c                        . = ALIGN (0x4)
                0x2000006c                        _edata = .
                [!provide]                        PROVIDE (__data_end = .)
                [!provide]                        PROVIDE (__tdata_end = .)
                [!provide]                        PROVIDE (__tdata_start = ADDR (.tdata))
                [!provide]                        PROVIDE (__tdata_size = (__tdata_end - __tdata_start))
                [!provide]                        PROVIDE (__data_start = ADDR (.data))
                [!provide]                        PROVIDE (__data_size = (__data_end - __data_start))
                [!provide]                        PROVIDE (__tdata_source = LOADADDR (.tdata))
                [!provide]                        PROVIDE (__tdata_source_end = (LOADADDR (.tdata) + SIZEOF (.tdata)))
                [!provide]                        PROVIDE (__tdata_source_size = (__tdata_source_end - __tdata_source))
                [!provide]                        PROVIDE (__data_source = LOADADDR (.data))
                [!provide]                        PROVIDE (__data_source_end = __tdata_source_end)
                [!provide]                        PROVIDE (__data_source_size = (__data_source_end - __data_source))

.tbss           0x2000006c        0x0 load address 0x08004b7c
                0x2000006c                        _sbss = .
                0x2000006c                        __bss_start__ = _sbss
 *(.tbss .tbss.*)
                0x2000006c                        . = ALIGN (0x4)
                [!provide]                        PROVIDE (__tbss_end = .)
                [!provide]                        PROVIDE (__tbss_start = ADDR (.tbss))
                [!provide]                        PROVIDE (__tbss_size = (__tbss_end - __tbss_start))
                [!provide]                        PROVIDE (__tbss_offset = (ADDR (.tbss) - ADDR (.tdata)))
                [!provide]                        PROVIDE (__tls_base = __tdata_start)
                [!provide]                        PROVIDE (__tls_end = __tbss_end)
                [!provide]                        PROVIDE (__tls_size = (__tls_end - __tls_base))
                [!provide]                        PROVIDE (__tls_align = MAX (ALIGNOF (.tdata), ALIGNOF (.tbss)))
                [!provide]                        PROVIDE (__tls_size_align = (((__tls_size + __tls_align) - 0x1) & ~ ((__tls_align - 0x1))))
                [!provide]                        PROVIDE (__arm32_tls_tcb_offset = MAX (0x8, __tls_align))
                [!provide]                        PROVIDE (__arm64_tls_tcb_offset = MAX (0x10, __tls_align))

.bss            0x2000006c      0x4b0 load address 0x08004b7c
 *(.bss)
 .bss           0x2000006c       0x1c /opt/ST/STM32CubeCLT_1.21.0/GNU-tools-for-STM32/bin/../lib/gcc/arm-none-eabi/14.3.1/thumb/v7-m/nofp/crtbegin.o
 *(.bss*)
 .bss._ZZN12StateMachine11getInstanceEvE8instance
                0x20000088        0x4 CMakeFiles/stm-cpp-test.dir/User/main/main_entry.cpp.obj
                0x20000088                StateMachine::getInstance()::instance
 .bss._ZGVZN12StateMachine11getInstanceEvE8instance
                0x2000008c        0x4 CMakeFiles/stm-cpp-test.dir/User/main/main_entry.cpp.obj
                0x2000008c                guard variable for StateMachine::getInstance()::instance
 .bss._ZZN10State_test11getInstanceEvE8instance
                0x20000090        0x4 CMakeFiles/stm-cpp-test.dir/User/main/main_entry.cpp.obj
                0x20000090                State_test::getInstance()::instance
 .bss._ZGVZN10State_test11getInstanceEvE8instance
                0x20000094        0x4 CMakeFiles/stm-cpp-test.dir/User/main/main_entry.cpp.obj
                0x20000094                guard variable for State_test::getInstance()::instance
 .bss._ZZN12SpeedControl11getInstanceEvE8instance
                0x20000098       0x68 CMakeFiles/stm-cpp-test.dir/User/main/main_entry.cpp.obj
                0x20000098                SpeedControl::getInstance()::instance
 .bss._ZGVZN12SpeedControl11getInstanceEvE8instance
                0x20000100        0x4 CMakeFiles/stm-cpp-test.dir/User/main/main_entry.cpp.obj
                0x20000100                guard variable for SpeedControl::getInstance()::instance
 .bss.leftMotorPwm
                0x20000104        0x4 CMakeFiles/stm-cpp-test.dir/Lib/motor/motor.c.obj
                0x20000104                leftMotorPwm
 .bss.rightMotorPwm
                0x20000108        0x4 CMakeFiles/stm-cpp-test.dir/Lib/motor/motor.c.obj
                0x20000108                rightMotorPwm
 .bss.leftMotorDegs
                0x2000010c        0x4 CMakeFiles/stm-cpp-test.dir/Lib/motor/motor.c.obj
                0x2000010c                leftMotorDegs
 .bss.rightMotorDegs
                0x20000110        0x4 CMakeFiles/stm-cpp-test.dir/Lib/motor/motor.c.obj
                0x20000110                rightMotorDegs
 .bss._ZN10BenchTimer10timeMillisE
                0x20000114        0x4 CMakeFiles/stm-cpp-test.dir/User/timer/timer.cpp.obj
                0x20000114                BenchTimer::timeMillis
 .bss._ZN9TimerTask15currentCallbackE
                0x20000118        0x4 CMakeFiles/stm-cpp-test.dir/User/timer/TimerTask.cpp.obj
                0x20000118                TimerTask::currentCallback
 .bss._ZN9TimerTask22currentRemainingTimeMsE
                0x2000011c        0x4 CMakeFiles/stm-cpp-test.dir/User/timer/TimerTask.cpp.obj
                0x2000011c                TimerTask::currentRemainingTimeMs
 .bss._ZN9TimerTask9taskQueueE
                0x20000120       0x50 CMakeFiles/stm-cpp-test.dir/User/timer/TimerTask.cpp.obj
                0x20000120                TimerTask::taskQueue
 .bss._ZN9TimerTask9queueHeadE
                0x20000170        0x4 CMakeFiles/stm-cpp-test.dir/User/timer/TimerTask.cpp.obj
                0x20000170                TimerTask::queueHead
 .bss._ZN9TimerTask9queueTailE
                0x20000174        0x4 CMakeFiles/stm-cpp-test.dir/User/timer/TimerTask.cpp.obj
                0x20000174                TimerTask::queueTail
 .bss._ZN9TimerTask10queueCountE
                0x20000178        0x4 CMakeFiles/stm-cpp-test.dir/User/timer/TimerTask.cpp.obj
                0x20000178                TimerTask::queueCount
 .bss.hi2c1     0x2000017c       0x54 CMakeFiles/stm-cpp-test.dir/Core/Src/i2c.c.obj
                0x2000017c                hi2c1
 .bss.htim1     0x200001d0       0x48 CMakeFiles/stm-cpp-test.dir/Core/Src/tim.c.obj
                0x200001d0                htim1
 .bss.htim2     0x20000218       0x48 CMakeFiles/stm-cpp-test.dir/Core/Src/tim.c.obj
                0x20000218                htim2
 .bss.htim3     0x20000260       0x48 CMakeFiles/stm-cpp-test.dir/Core/Src/tim.c.obj
                0x20000260                htim3
 .bss.htim4     0x200002a8       0x48 CMakeFiles/stm-cpp-test.dir/Core/Src/tim.c.obj
                0x200002a8                htim4
 .bss.huart1    0x200002f0       0x48 CMakeFiles/stm-cpp-test.dir/Core/Src/usart.c.obj
                0x200002f0                huart1
 .bss.huart2    0x20000338       0x48 CMakeFiles/stm-cpp-test.dir/Core/Src/usart.c.obj
                0x20000338                huart2
 .bss.huart3    0x20000380       0x48 CMakeFiles/stm-cpp-test.dir/Core/Src/usart.c.obj
                0x20000380                huart3
 .bss.__sbrk_heap_end
                0x200003c8        0x4 CMakeFiles/stm-cpp-test.dir/Core/Src/sysmem.c.obj
 .bss.uwTick    0x200003cc        0x4 cmake/stm32cubemx/CMakeFiles/STM32_Drivers.dir/__/__/Drivers/STM32F1xx_HAL_Driver/Src/stm32f1xx_hal.c.obj
                0x200003cc                uwTick
 .bss.__malloc_sbrk_start
                0x200003d0        0x4 /opt/ST/STM32CubeCLT_1.21.0/GNU-tools-for-STM32/bin/../lib/gcc/arm-none-eabi/14.3.1/../../../../arm-none-eabi/lib/thumb/v7-m/nofp/libg_nano.a(libc_a-mallocr.o)
                0x200003d0                __malloc_sbrk_start
 .bss.__malloc_free_list
                0x200003d4        0x4 /opt/ST/STM32CubeCLT_1.21.0/GNU-tools-for-STM32/bin/../lib/gcc/arm-none-eabi/14.3.1/../../../../arm-none-eabi/lib/thumb/v7-m/nofp/libg_nano.a(libc_a-mallocr.o)
                0x200003d4                __malloc_free_list
 .bss.__sf      0x200003d8      0x138 /opt/ST/STM32CubeCLT_1.21.0/GNU-tools-for-STM32/bin/../lib/gcc/arm-none-eabi/14.3.1/../../../../arm-none-eabi/lib/thumb/v7-m/nofp/libg_nano.a(libc_a-findfp.o)
                0x200003d8                __sf
 .bss.__stdio_exit_handler
                0x20000510        0x4 /opt/ST/STM32CubeCLT_1.21.0/GNU-tools-for-STM32/bin/../lib/gcc/arm-none-eabi/14.3.1/../../../../arm-none-eabi/lib/thumb/v7-m/nofp/libg_nano.a(libc_a-findfp.o)
                0x20000510                __stdio_exit_handler
 .bss.__lock___malloc_recursive_mutex
                0x20000514        0x1 /opt/ST/STM32CubeCLT_1.21.0/GNU-tools-for-STM32/bin/../lib/gcc/arm-none-eabi/14.3.1/../../../../arm-none-eabi/lib/thumb/v7-m/nofp/libg_nano.a(libc_a-lock.o)
                0x20000514                __lock___malloc_recursive_mutex
 .bss.__lock___sfp_recursive_mutex
                0x20000515        0x1 /opt/ST/STM32CubeCLT_1.21.0/GNU-tools-for-STM32/bin/../lib/gcc/arm-none-eabi/14.3.1/../../../../arm-none-eabi/lib/thumb/v7-m/nofp/libg_nano.a(libc_a-lock.o)
                0x20000515                __lock___sfp_recursive_mutex
 *fill*         0x20000516        0x2 
 .bss.errno     0x20000518        0x4 /opt/ST/STM32CubeCLT_1.21.0/GNU-tools-for-STM32/bin/../lib/gcc/arm-none-eabi/14.3.1/../../../../arm-none-eabi/lib/thumb/v7-m/nofp/libg_nano.a(libc_a-reent.o)
                0x20000518                errno
 *(COMMON)
                0x2000051c                        . = ALIGN (0x4)
                0x2000051c                        _ebss = .
                0x2000051c                        __bss_end__ = _ebss
                [!provide]                        PROVIDE (__bss_end = .)
                [!provide]                        PROVIDE (__non_tls_bss_start = ADDR (.bss))
                [!provide]                        PROVIDE (__bss_start = __tbss_start)
                [!provide]                        PROVIDE (__bss_size = (__bss_end - __bss_start))

._user_heap_stack
                0x2000051c      0x604 load address 0x08004b7c
                0x20000520                        . = ALIGN (0x8)
 *fill*         0x2000051c        0x4 
                [!provide]                        PROVIDE (end = .)
                0x20000520                        PROVIDE (_end = .)
                0x20000720                        . = (. + _Min_Heap_Size)
 *fill*         0x20000520      0x200 
                0x20000b20                        . = (. + _Min_Stack_Size)
 *fill*         0x20000720      0x400 
                0x20000b20                        . = ALIGN (0x8)

/DISCARD/
 libc.a:*(*)
 libm.a:*(*)
 libgcc.a:*(*)
OUTPUT(stm-cpp-test.elf elf32-littlearm)
LOAD linker stubs

.ARM.attributes
                0x00000000       0x29
 .ARM.attributes
                0x00000000       0x1d /opt/ST/STM32CubeCLT_1.21.0/GNU-tools-for-STM32/bin/../lib/gcc/arm-none-eabi/14.3.1/thumb/v7-m/nofp/crti.o
 .ARM.attributes
                0x0000001d       0x2d /opt/ST/STM32CubeCLT_1.21.0/GNU-tools-for-STM32/bin/../lib/gcc/arm-none-eabi/14.3.1/thumb/v7-m/nofp/crtbegin.o
 .ARM.attributes
                0x0000004a       0x2d CMakeFiles/stm-cpp-test.dir/User/main/main_entry.cpp.obj
 .ARM.attributes
                0x00000077       0x2d CMakeFiles/stm-cpp-test.dir/User/pid/IncrementalPID.cpp.obj
 .ARM.attributes
                0x000000a4       0x2d CMakeFiles/stm-cpp-test.dir/User/pid/PIDController.cpp.obj
 .ARM.attributes
                0x000000d1       0x2d CMakeFiles/stm-cpp-test.dir/User/pid/PositionalPID.cpp.obj
 .ARM.attributes
                0x000000fe       0x2d CMakeFiles/stm-cpp-test.dir/Lib/motor/motor.c.obj
 .ARM.attributes
                0x0000012b       0x2d CMakeFiles/stm-cpp-test.dir/User/control/SpeedControl.cpp.obj
 .ARM.attributes
                0x00000158       0x2d CMakeFiles/stm-cpp-test.dir/User/timer/timer.cpp.obj
 .ARM.attributes
                0x00000185       0x2d CMakeFiles/stm-cpp-test.dir/User/timer/TimerTask.cpp.obj
 .ARM.attributes
                0x000001b2       0x2d CMakeFiles/stm-cpp-test.dir/User/state/State_test.cpp.obj
 .ARM.attributes
                0x000001df       0x2d CMakeFiles/stm-cpp-test.dir/User/state/StateMachine.cpp.obj
 .ARM.attributes
                0x0000020c       0x2d CMakeFiles/stm-cpp-test.dir/Core/Src/main.c.obj
 .ARM.attributes
                0x00000239       0x2d CMakeFiles/stm-cpp-test.dir/Core/Src/gpio.c.obj
 .ARM.attributes
                0x00000266       0x2d CMakeFiles/stm-cpp-test.dir/Core/Src/i2c.c.obj
 .ARM.attributes
                0x00000293       0x2d CMakeFiles/stm-cpp-test.dir/Core/Src/tim.c.obj
 .ARM.attributes
                0x000002c0       0x2d CMakeFiles/stm-cpp-test.dir/Core/Src/usart.c.obj
 .ARM.attributes
                0x000002ed       0x2d CMakeFiles/stm-cpp-test.dir/Core/Src/stm32f1xx_it.c.obj
 .ARM.attributes
                0x0000031a       0x2d CMakeFiles/stm-cpp-test.dir/Core/Src/stm32f1xx_hal_msp.c.obj
 .ARM.attributes
                0x00000347       0x2d CMakeFiles/stm-cpp-test.dir/Core/Src/sysmem.c.obj
 .ARM.attributes
                0x00000374       0x2d CMakeFiles/stm-cpp-test.dir/Core/Src/syscalls.c.obj
 .ARM.attributes
                0x000003a1       0x21 CMakeFiles/stm-cpp-test.dir/startup_stm32f103xb.s.obj
 .ARM.attributes
                0x000003c2       0x2d cmake/stm32cubemx/CMakeFiles/STM32_Drivers.dir/__/__/Core/Src/system_stm32f1xx.c.obj
 .ARM.attributes
                0x000003ef       0x2d cmake/stm32cubemx/CMakeFiles/STM32_Drivers.dir/__/__/Drivers/STM32F1xx_HAL_Driver/Src/stm32f1xx_hal_i2c.c.obj
 .ARM.attributes
                0x0000041c       0x2d cmake/stm32cubemx/CMakeFiles/STM32_Drivers.dir/__/__/Drivers/STM32F1xx_HAL_Driver/Src/stm32f1xx_hal.c.obj
 .ARM.attributes
                0x00000449       0x2d cmake/stm32cubemx/CMakeFiles/STM32_Drivers.dir/__/__/Drivers/STM32F1xx_HAL_Driver/Src/stm32f1xx_hal_rcc.c.obj
 .ARM.attributes
                0x00000476       0x2d cmake/stm32cubemx/CMakeFiles/STM32_Drivers.dir/__/__/Drivers/STM32F1xx_HAL_Driver/Src/stm32f1xx_hal_gpio.c.obj
 .ARM.attributes
                0x000004a3       0x2d cmake/stm32cubemx/CMakeFiles/STM32_Drivers.dir/__/__/Drivers/STM32F1xx_HAL_Driver/Src/stm32f1xx_hal_cortex.c.obj
 .ARM.attributes
                0x000004d0       0x2d cmake/stm32cubemx/CMakeFiles/STM32_Drivers.dir/__/__/Drivers/STM32F1xx_HAL_Driver/Src/stm32f1xx_hal_tim.c.obj
 .ARM.attributes
                0x000004fd       0x2d cmake/stm32cubemx/CMakeFiles/STM32_Drivers.dir/__/__/Drivers/STM32F1xx_HAL_Driver/Src/stm32f1xx_hal_tim_ex.c.obj
 .ARM.attributes
                0x0000052a       0x2d cmake/stm32cubemx/CMakeFiles/STM32_Drivers.dir/__/__/Drivers/STM32F1xx_HAL_Driver/Src/stm32f1xx_hal_uart.c.obj
 .ARM.attributes
                0x00000557       0x2d /opt/ST/STM32CubeCLT_1.21.0/GNU-tools-for-STM32/bin/../lib/gcc/arm-none-eabi/14.3.1/../../../../arm-none-eabi/lib/thumb/v7-m/nofp/libstdc++_nano.a(atexit_arm.o)
 .ARM.attributes
                0x00000584       0x2d /opt/ST/STM32CubeCLT_1.21.0/GNU-tools-for-STM32/bin/../lib/gcc/arm-none-eabi/14.3.1/../../../../arm-none-eabi/lib/thumb/v7-m/nofp/libstdc++_nano.a(del_ops.o)
 .ARM.attributes
                0x000005b1       0x2d /opt/ST/STM32CubeCLT_1.21.0/GNU-tools-for-STM32/bin/../lib/gcc/arm-none-eabi/14.3.1/../../../../arm-none-eabi/lib/thumb/v7-m/nofp/libstdc++_nano.a(del_op.o)
 .ARM.attributes
                0x000005de       0x1d /opt/ST/STM32CubeCLT_1.21.0/GNU-tools-for-STM32/bin/../lib/gcc/arm-none-eabi/14.3.1/thumb/v7-m/nofp/libgcc.a(_arm_muldivsf3.o)
 .ARM.attributes
                0x000005fb       0x1d /opt/ST/STM32CubeCLT_1.21.0/GNU-tools-for-STM32/bin/../lib/gcc/arm-none-eabi/14.3.1/thumb/v7-m/nofp/libgcc.a(_arm_fixsfsi.o)
 .ARM.attributes
                0x00000618       0x2d /opt/ST/STM32CubeCLT_1.21.0/GNU-tools-for-STM32/bin/../lib/gcc/arm-none-eabi/14.3.1/../../../../arm-none-eabi/lib/thumb/v7-m/nofp/libg_nano.a(libc_a-malloc.o)
 .ARM.attributes
                0x00000645       0x2d /opt/ST/STM32CubeCLT_1.21.0/GNU-tools-for-STM32/bin/../lib/gcc/arm-none-eabi/14.3.1/../../../../arm-none-eabi/lib/thumb/v7-m/nofp/libg_nano.a(libc_a-mallocr.o)
 .ARM.attributes
                0x00000672       0x2d /opt/ST/STM32CubeCLT_1.21.0/GNU-tools-for-STM32/bin/../lib/gcc/arm-none-eabi/14.3.1/../../../../arm-none-eabi/lib/thumb/v7-m/nofp/libg_nano.a(libc_a-mlock.o)
 .ARM.attributes
                0x0000069f       0x2d /opt/ST/STM32CubeCLT_1.21.0/GNU-tools-for-STM32/bin/../lib/gcc/arm-none-eabi/14.3.1/../../../../arm-none-eabi/lib/thumb/v7-m/nofp/libg_nano.a(libc_a-findfp.o)
 .ARM.attributes
                0x000006cc       0x2d /opt/ST/STM32CubeCLT_1.21.0/GNU-tools-for-STM32/bin/../lib/gcc/arm-none-eabi/14.3.1/../../../../arm-none-eabi/lib/thumb/v7-m/nofp/libg_nano.a(libc_a-fwalk.o)
 .ARM.attributes
                0x000006f9       0x2d /opt/ST/STM32CubeCLT_1.21.0/GNU-tools-for-STM32/bin/../lib/gcc/arm-none-eabi/14.3.1/../../../../arm-none-eabi/lib/thumb/v7-m/nofp/libg_nano.a(libc_a-puts.o)
 .ARM.attributes
                0x00000726       0x2d /opt/ST/STM32CubeCLT_1.21.0/GNU-tools-for-STM32/bin/../lib/gcc/arm-none-eabi/14.3.1/../../../../arm-none-eabi/lib/thumb/v7-m/nofp/libg_nano.a(libc_a-memset.o)
 .ARM.attributes
                0x00000753       0x2d /opt/ST/STM32CubeCLT_1.21.0/GNU-tools-for-STM32/bin/../lib/gcc/arm-none-eabi/14.3.1/../../../../arm-none-eabi/lib/thumb/v7-m/nofp/libg_nano.a(libc_a-sbrkr.o)
 .ARM.attributes
                0x00000780       0x2d /opt/ST/STM32CubeCLT_1.21.0/GNU-tools-for-STM32/bin/../lib/gcc/arm-none-eabi/14.3.1/../../../../arm-none-eabi/lib/thumb/v7-m/nofp/libg_nano.a(libc_a-errno.o)
 .ARM.attributes
                0x000007ad       0x2d /opt/ST/STM32CubeCLT_1.21.0/GNU-tools-for-STM32/bin/../lib/gcc/arm-none-eabi/14.3.1/../../../../arm-none-eabi/lib/thumb/v7-m/nofp/libg_nano.a(libc_a-init.o)
 .ARM.attributes
                0x000007da       0x2d /opt/ST/STM32CubeCLT_1.21.0/GNU-tools-for-STM32/bin/../lib/gcc/arm-none-eabi/14.3.1/../../../../arm-none-eabi/lib/thumb/v7-m/nofp/libg_nano.a(libc_a-lock.o)
 .ARM.attributes
                0x00000807       0x2d /opt/ST/STM32CubeCLT_1.21.0/GNU-tools-for-STM32/bin/../lib/gcc/arm-none-eabi/14.3.1/../../../../arm-none-eabi/lib/thumb/v7-m/nofp/libg_nano.a(libc_a-reent.o)
 .ARM.attributes
                0x00000834       0x2d /opt/ST/STM32CubeCLT_1.21.0/GNU-tools-for-STM32/bin/../lib/gcc/arm-none-eabi/14.3.1/../../../../arm-none-eabi/lib/thumb/v7-m/nofp/libg_nano.a(libc_a-impure.o)
 .ARM.attributes
                0x00000861       0x2d /opt/ST/STM32CubeCLT_1.21.0/GNU-tools-for-STM32/bin/../lib/gcc/arm-none-eabi/14.3.1/../../../../arm-none-eabi/lib/thumb/v7-m/nofp/libg_nano.a(libc_a-cxa_atexit.o)
 .ARM.attributes
                0x0000088e       0x2d /opt/ST/STM32CubeCLT_1.21.0/GNU-tools-for-STM32/bin/../lib/gcc/arm-none-eabi/14.3.1/../../../../arm-none-eabi/lib/thumb/v7-m/nofp/libg_nano.a(libc_a-freer.o)
 .ARM.attributes
                0x000008bb       0x2d /opt/ST/STM32CubeCLT_1.21.0/GNU-tools-for-STM32/bin/../lib/gcc/arm-none-eabi/14.3.1/../../../../arm-none-eabi/lib/thumb/v7-m/nofp/libg_nano.a(libc_a-fflush.o)
 .ARM.attributes
                0x000008e8       0x2d /opt/ST/STM32CubeCLT_1.21.0/GNU-tools-for-STM32/bin/../lib/gcc/arm-none-eabi/14.3.1/../../../../arm-none-eabi/lib/thumb/v7-m/nofp/libg_nano.a(libc_a-stdio.o)
 .ARM.attributes
                0x00000915       0x2d /opt/ST/STM32CubeCLT_1.21.0/GNU-tools-for-STM32/bin/../lib/gcc/arm-none-eabi/14.3.1/../../../../arm-none-eabi/lib/thumb/v7-m/nofp/libg_nano.a(libc_a-wbuf.o)
 .ARM.attributes
                0x00000942       0x2d /opt/ST/STM32CubeCLT_1.21.0/GNU-tools-for-STM32/bin/../lib/gcc/arm-none-eabi/14.3.1/../../../../arm-none-eabi/lib/thumb/v7-m/nofp/libg_nano.a(libc_a-wsetup.o)
 .ARM.attributes
                0x0000096f       0x2d /opt/ST/STM32CubeCLT_1.21.0/GNU-tools-for-STM32/bin/../lib/gcc/arm-none-eabi/14.3.1/../../../../arm-none-eabi/lib/thumb/v7-m/nofp/libg_nano.a(libc_a-makebuf.o)
 .ARM.attributes
                0x0000099c       0x2d /opt/ST/STM32CubeCLT_1.21.0/GNU-tools-for-STM32/bin/../lib/gcc/arm-none-eabi/14.3.1/../../../../arm-none-eabi/lib/thumb/v7-m/nofp/libg_nano.a(libc_a-isattyr.o)
 .ARM.attributes
                0x000009c9       0x2d /opt/ST/STM32CubeCLT_1.21.0/GNU-tools-for-STM32/bin/../lib/gcc/arm-none-eabi/14.3.1/../../../../arm-none-eabi/lib/thumb/v7-m/nofp/libg_nano.a(libc_a-lseekr.o)
 .ARM.attributes
                0x000009f6       0x2d /opt/ST/STM32CubeCLT_1.21.0/GNU-tools-for-STM32/bin/../lib/gcc/arm-none-eabi/14.3.1/../../../../arm-none-eabi/lib/thumb/v7-m/nofp/libg_nano.a(libc_a-readr.o)
 .ARM.attributes
                0x00000a23       0x2d /opt/ST/STM32CubeCLT_1.21.0/GNU-tools-for-STM32/bin/../lib/gcc/arm-none-eabi/14.3.1/../../../../arm-none-eabi/lib/thumb/v7-m/nofp/libg_nano.a(libc_a-writer.o)
 .ARM.attributes
                0x00000a50       0x2d /opt/ST/STM32CubeCLT_1.21.0/GNU-tools-for-STM32/bin/../lib/gcc/arm-none-eabi/14.3.1/../../../../arm-none-eabi/lib/thumb/v7-m/nofp/libg_nano.a(libc_a-closer.o)
 .ARM.attributes
                0x00000a7d       0x2d /opt/ST/STM32CubeCLT_1.21.0/GNU-tools-for-STM32/bin/../lib/gcc/arm-none-eabi/14.3.1/../../../../arm-none-eabi/lib/thumb/v7-m/nofp/libg_nano.a(libc_a-fstatr.o)
 .ARM.attributes
                0x00000aaa       0x1d /opt/ST/STM32CubeCLT_1.21.0/GNU-tools-for-STM32/bin/../lib/gcc/arm-none-eabi/14.3.1/thumb/v7-m/nofp/crtn.o

.comment        0x00000000       0x43
 .comment       0x00000000       0x43 CMakeFiles/stm-cpp-test.dir/User/main/main_entry.cpp.obj
                                 0x44 (size before relaxing)
 .comment       0x00000043       0x44 CMakeFiles/stm-cpp-test.dir/User/pid/IncrementalPID.cpp.obj
 .comment       0x00000043       0x44 CMakeFiles/stm-cpp-test.dir/User/pid/PIDController.cpp.obj
 .comment       0x00000043       0x44 CMakeFiles/stm-cpp-test.dir/User/pid/PositionalPID.cpp.obj
 .comment       0x00000043       0x44 CMakeFiles/stm-cpp-test.dir/Lib/motor/motor.c.obj
 .comment       0x00000043       0x44 CMakeFiles/stm-cpp-test.dir/User/control/SpeedControl.cpp.obj
 .comment       0x00000043       0x44 CMakeFiles/stm-cpp-test.dir/User/timer/timer.cpp.obj
 .comment       0x00000043       0x44 CMakeFiles/stm-cpp-test.dir/User/timer/TimerTask.cpp.obj
 .comment       0x00000043       0x44 CMakeFiles/stm-cpp-test.dir/User/state/State_test.cpp.obj
 .comment       0x00000043       0x44 CMakeFiles/stm-cpp-test.dir/User/state/StateMachine.cpp.obj
 .comment       0x00000043       0x44 CMakeFiles/stm-cpp-test.dir/Core/Src/main.c.obj
 .comment       0x00000043       0x44 CMakeFiles/stm-cpp-test.dir/Core/Src/gpio.c.obj
 .comment       0x00000043       0x44 CMakeFiles/stm-cpp-test.dir/Core/Src/i2c.c.obj
 .comment       0x00000043       0x44 CMakeFiles/stm-cpp-test.dir/Core/Src/tim.c.obj
 .comment       0x00000043       0x44 CMakeFiles/stm-cpp-test.dir/Core/Src/usart.c.obj
 .comment       0x00000043       0x44 CMakeFiles/stm-cpp-test.dir/Core/Src/stm32f1xx_it.c.obj
 .comment       0x00000043       0x44 CMakeFiles/stm-cpp-test.dir/Core/Src/stm32f1xx_hal_msp.c.obj
 .comment       0x00000043       0x44 CMakeFiles/stm-cpp-test.dir/Core/Src/sysmem.c.obj
 .comment       0x00000043       0x44 CMakeFiles/stm-cpp-test.dir/Core/Src/syscalls.c.obj
 .comment       0x00000043       0x44 cmake/stm32cubemx/CMakeFiles/STM32_Drivers.dir/__/__/Core/Src/system_stm32f1xx.c.obj
 .comment       0x00000043       0x44 cmake/stm32cubemx/CMakeFiles/STM32_Drivers.dir/__/__/Drivers/STM32F1xx_HAL_Driver/Src/stm32f1xx_hal_i2c.c.obj
 .comment       0x00000043       0x44 cmake/stm32cubemx/CMakeFiles/STM32_Drivers.dir/__/__/Drivers/STM32F1xx_HAL_Driver/Src/stm32f1xx_hal.c.obj
 .comment       0x00000043       0x44 cmake/stm32cubemx/CMakeFiles/STM32_Drivers.dir/__/__/Drivers/STM32F1xx_HAL_Driver/Src/stm32f1xx_hal_rcc.c.obj
 .comment       0x00000043       0x44 cmake/stm32cubemx/CMakeFiles/STM32_Drivers.dir/__/__/Drivers/STM32F1xx_HAL_Driver/Src/stm32f1xx_hal_gpio.c.obj
 .comment       0x00000043       0x44 cmake/stm32cubemx/CMakeFiles/STM32_Drivers.dir/__/__/Drivers/STM32F1xx_HAL_Driver/Src/stm32f1xx_hal_cortex.c.obj
 .comment       0x00000043       0x44 cmake/stm32cubemx/CMakeFiles/STM32_Drivers.dir/__/__/Drivers/STM32F1xx_HAL_Driver/Src/stm32f1xx_hal_tim.c.obj
 .comment       0x00000043       0x44 cmake/stm32cubemx/CMakeFiles/STM32_Drivers.dir/__/__/Drivers/STM32F1xx_HAL_Driver/Src/stm32f1xx_hal_tim_ex.c.obj
 .comment       0x00000043       0x44 cmake/stm32cubemx/CMakeFiles/STM32_Drivers.dir/__/__/Drivers/STM32F1xx_HAL_Driver/Src/stm32f1xx_hal_uart.c.obj
 .comment       0x00000043       0x44 /opt/ST/STM32CubeCLT_1.21.0/GNU-tools-for-STM32/bin/../lib/gcc/arm-none-eabi/14.3.1/../../../../arm-none-eabi/lib/thumb/v7-m/nofp/libg_nano.a(libc_a-malloc.o)
 .comment       0x00000043       0x44 /opt/ST/STM32CubeCLT_1.21.0/GNU-tools-for-STM32/bin/../lib/gcc/arm-none-eabi/14.3.1/../../../../arm-none-eabi/lib/thumb/v7-m/nofp/libg_nano.a(libc_a-mallocr.o)
 .comment       0x00000043       0x44 /opt/ST/STM32CubeCLT_1.21.0/GNU-tools-for-STM32/bin/../lib/gcc/arm-none-eabi/14.3.1/../../../../arm-none-eabi/lib/thumb/v7-m/nofp/libg_nano.a(libc_a-mlock.o)
 .comment       0x00000043       0x44 /opt/ST/STM32CubeCLT_1.21.0/GNU-tools-for-STM32/bin/../lib/gcc/arm-none-eabi/14.3.1/../../../../arm-none-eabi/lib/thumb/v7-m/nofp/libg_nano.a(libc_a-findfp.o)
 .comment       0x00000043       0x44 /opt/ST/STM32CubeCLT_1.21.0/GNU-tools-for-STM32/bin/../lib/gcc/arm-none-eabi/14.3.1/../../../../arm-none-eabi/lib/thumb/v7-m/nofp/libg_nano.a(libc_a-fwalk.o)
 .comment       0x00000043       0x44 /opt/ST/STM32CubeCLT_1.21.0/GNU-tools-for-STM32/bin/../lib/gcc/arm-none-eabi/14.3.1/../../../../arm-none-eabi/lib/thumb/v7-m/nofp/libg_nano.a(libc_a-puts.o)
 .comment       0x00000043       0x44 /opt/ST/STM32CubeCLT_1.21.0/GNU-tools-for-STM32/bin/../lib/gcc/arm-none-eabi/14.3.1/../../../../arm-none-eabi/lib/thumb/v7-m/nofp/libg_nano.a(libc_a-memset.o)
 .comment       0x00000043       0x44 /opt/ST/STM32CubeCLT_1.21.0/GNU-tools-for-STM32/bin/../lib/gcc/arm-none-eabi/14.3.1/../../../../arm-none-eabi/lib/thumb/v7-m/nofp/libg_nano.a(libc_a-sbrkr.o)
 .comment       0x00000043       0x44 /opt/ST/STM32CubeCLT_1.21.0/GNU-tools-for-STM32/bin/../lib/gcc/arm-none-eabi/14.3.1/../../../../arm-none-eabi/lib/thumb/v7-m/nofp/libg_nano.a(libc_a-errno.o)
 .comment       0x00000043       0x44 /opt/ST/STM32CubeCLT_1.21.0/GNU-tools-for-STM32/bin/../lib/gcc/arm-none-eabi/14.3.1/../../../../arm-none-eabi/lib/thumb/v7-m/nofp/libg_nano.a(libc_a-init.o)
 .comment       0x00000043       0x44 /opt/ST/STM32CubeCLT_1.21.0/GNU-tools-for-STM32/bin/../lib/gcc/arm-none-eabi/14.3.1/../../../../arm-none-eabi/lib/thumb/v7-m/nofp/libg_nano.a(libc_a-lock.o)
 .comment       0x00000043       0x44 /opt/ST/STM32CubeCLT_1.21.0/GNU-tools-for-STM32/bin/../lib/gcc/arm-none-eabi/14.3.1/../../../../arm-none-eabi/lib/thumb/v7-m/nofp/libg_nano.a(libc_a-reent.o)
 .comment       0x00000043       0x44 /opt/ST/STM32CubeCLT_1.21.0/GNU-tools-for-STM32/bin/../lib/gcc/arm-none-eabi/14.3.1/../../../../arm-none-eabi/lib/thumb/v7-m/nofp/libg_nano.a(libc_a-impure.o)
 .comment       0x00000043       0x44 /opt/ST/STM32CubeCLT_1.21.0/GNU-tools-for-STM32/bin/../lib/gcc/arm-none-eabi/14.3.1/../../../../arm-none-eabi/lib/thumb/v7-m/nofp/libg_nano.a(libc_a-cxa_atexit.o)
 .comment       0x00000043       0x44 /opt/ST/STM32CubeCLT_1.21.0/GNU-tools-for-STM32/bin/../lib/gcc/arm-none-eabi/14.3.1/../../../../arm-none-eabi/lib/thumb/v7-m/nofp/libg_nano.a(libc_a-freer.o)
 .comment       0x00000043       0x44 /opt/ST/STM32CubeCLT_1.21.0/GNU-tools-for-STM32/bin/../lib/gcc/arm-none-eabi/14.3.1/../../../../arm-none-eabi/lib/thumb/v7-m/nofp/libg_nano.a(libc_a-fflush.o)
 .comment       0x00000043       0x44 /opt/ST/STM32CubeCLT_1.21.0/GNU-tools-for-STM32/bin/../lib/gcc/arm-none-eabi/14.3.1/../../../../arm-none-eabi/lib/thumb/v7-m/nofp/libg_nano.a(libc_a-stdio.o)
 .comment       0x00000043       0x44 /opt/ST/STM32CubeCLT_1.21.0/GNU-tools-for-STM32/bin/../lib/gcc/arm-none-eabi/14.3.1/../../../../arm-none-eabi/lib/thumb/v7-m/nofp/libg_nano.a(libc_a-wbuf.o)
 .comment       0x00000043       0x44 /opt/ST/STM32CubeCLT_1.21.0/GNU-tools-for-STM32/bin/../lib/gcc/arm-none-eabi/14.3.1/../../../../arm-none-eabi/lib/thumb/v7-m/nofp/libg_nano.a(libc_a-wsetup.o)
 .comment       0x00000043       0x44 /opt/ST/STM32CubeCLT_1.21.0/GNU-tools-for-STM32/bin/../lib/gcc/arm-none-eabi/14.3.1/../../../../arm-none-eabi/lib/thumb/v7-m/nofp/libg_nano.a(libc_a-makebuf.o)
 .comment       0x00000043       0x44 /opt/ST/STM32CubeCLT_1.21.0/GNU-tools-for-STM32/bin/../lib/gcc/arm-none-eabi/14.3.1/../../../../arm-none-eabi/lib/thumb/v7-m/nofp/libg_nano.a(libc_a-isattyr.o)
 .comment       0x00000043       0x44 /opt/ST/STM32CubeCLT_1.21.0/GNU-tools-for-STM32/bin/../lib/gcc/arm-none-eabi/14.3.1/../../../../arm-none-eabi/lib/thumb/v7-m/nofp/libg_nano.a(libc_a-lseekr.o)
 .comment       0x00000043       0x44 /opt/ST/STM32CubeCLT_1.21.0/GNU-tools-for-STM32/bin/../lib/gcc/arm-none-eabi/14.3.1/../../../../arm-none-eabi/lib/thumb/v7-m/nofp/libg_nano.a(libc_a-readr.o)
 .comment       0x00000043       0x44 /opt/ST/STM32CubeCLT_1.21.0/GNU-tools-for-STM32/bin/../lib/gcc/arm-none-eabi/14.3.1/../../../../arm-none-eabi/lib/thumb/v7-m/nofp/libg_nano.a(libc_a-writer.o)
 .comment       0x00000043       0x44 /opt/ST/STM32CubeCLT_1.21.0/GNU-tools-for-STM32/bin/../lib/gcc/arm-none-eabi/14.3.1/../../../../arm-none-eabi/lib/thumb/v7-m/nofp/libg_nano.a(libc_a-closer.o)
 .comment       0x00000043       0x44 /opt/ST/STM32CubeCLT_1.21.0/GNU-tools-for-STM32/bin/../lib/gcc/arm-none-eabi/14.3.1/../../../../arm-none-eabi/lib/thumb/v7-m/nofp/libg_nano.a(libc_a-fstatr.o)

.debug_info     0x00000000    0x23e85
 .debug_info    0x00000000     0x134f CMakeFiles/stm-cpp-test.dir/User/main/main_entry.cpp.obj
 .debug_info    0x0000134f      0x478 CMakeFiles/stm-cpp-test.dir/User/pid/IncrementalPID.cpp.obj
 .debug_info    0x000017c7      0x2bf CMakeFiles/stm-cpp-test.dir/User/pid/PIDController.cpp.obj
 .debug_info    0x00001a86      0x476 CMakeFiles/stm-cpp-test.dir/User/pid/PositionalPID.cpp.obj
 .debug_info    0x00001efc      0x8dc CMakeFiles/stm-cpp-test.dir/Lib/motor/motor.c.obj
 .debug_info    0x000027d8     0x55c5 CMakeFiles/stm-cpp-test.dir/User/control/SpeedControl.cpp.obj
 .debug_info    0x00007d9d       0xb1 CMakeFiles/stm-cpp-test.dir/User/timer/timer.cpp.obj
 .debug_info    0x00007e4e      0x2a4 CMakeFiles/stm-cpp-test.dir/User/timer/TimerTask.cpp.obj
 .debug_info    0x000080f2      0xacf CMakeFiles/stm-cpp-test.dir/User/state/State_test.cpp.obj
 .debug_info    0x00008bc1      0x404 CMakeFiles/stm-cpp-test.dir/User/state/StateMachine.cpp.obj
 .debug_info    0x00008fc5      0x2c8 CMakeFiles/stm-cpp-test.dir/Core/Src/main.c.obj
 .debug_info    0x0000928d      0x2d3 CMakeFiles/stm-cpp-test.dir/Core/Src/gpio.c.obj
 .debug_info    0x00009560      0x879 CMakeFiles/stm-cpp-test.dir/Core/Src/i2c.c.obj
 .debug_info    0x00009dd9      0xe64 CMakeFiles/stm-cpp-test.dir/Core/Src/tim.c.obj
 .debug_info    0x0000ac3d      0x8e2 CMakeFiles/stm-cpp-test.dir/Core/Src/usart.c.obj
 .debug_info    0x0000b51f      0x6a1 CMakeFiles/stm-cpp-test.dir/Core/Src/stm32f1xx_it.c.obj
 .debug_info    0x0000bbc0      0x1f1 CMakeFiles/stm-cpp-test.dir/Core/Src/stm32f1xx_hal_msp.c.obj
 .debug_info    0x0000bdb1      0x168 CMakeFiles/stm-cpp-test.dir/Core/Src/sysmem.c.obj
 .debug_info    0x0000bf19      0x6b4 CMakeFiles/stm-cpp-test.dir/Core/Src/syscalls.c.obj
 .debug_info    0x0000c5cd       0x30 CMakeFiles/stm-cpp-test.dir/startup_stm32f103xb.s.obj
 .debug_info    0x0000c5fd      0x222 cmake/stm32cubemx/CMakeFiles/STM32_Drivers.dir/__/__/Core/Src/system_stm32f1xx.c.obj
 .debug_info    0x0000c81f     0x2524 cmake/stm32cubemx/CMakeFiles/STM32_Drivers.dir/__/__/Drivers/STM32F1xx_HAL_Driver/Src/stm32f1xx_hal_i2c.c.obj
 .debug_info    0x0000ed43      0x704 cmake/stm32cubemx/CMakeFiles/STM32_Drivers.dir/__/__/Drivers/STM32F1xx_HAL_Driver/Src/stm32f1xx_hal.c.obj
 .debug_info    0x0000f447      0x7d5 cmake/stm32cubemx/CMakeFiles/STM32_Drivers.dir/__/__/Drivers/STM32F1xx_HAL_Driver/Src/stm32f1xx_hal_rcc.c.obj
 .debug_info    0x0000fc1c      0x5ab cmake/stm32cubemx/CMakeFiles/STM32_Drivers.dir/__/__/Drivers/STM32F1xx_HAL_Driver/Src/stm32f1xx_hal_gpio.c.obj
 .debug_info    0x000101c7      0xa87 cmake/stm32cubemx/CMakeFiles/STM32_Drivers.dir/__/__/Drivers/STM32F1xx_HAL_Driver/Src/stm32f1xx_hal_cortex.c.obj
 .debug_info    0x00010c4e     0x2959 cmake/stm32cubemx/CMakeFiles/STM32_Drivers.dir/__/__/Drivers/STM32F1xx_HAL_Driver/Src/stm32f1xx_hal_tim.c.obj
 .debug_info    0x000135a7     0x149b cmake/stm32cubemx/CMakeFiles/STM32_Drivers.dir/__/__/Drivers/STM32F1xx_HAL_Driver/Src/stm32f1xx_hal_tim_ex.c.obj
 .debug_info    0x00014a42     0x2eed cmake/stm32cubemx/CMakeFiles/STM32_Drivers.dir/__/__/Drivers/STM32F1xx_HAL_Driver/Src/stm32f1xx_hal_uart.c.obj
 .debug_info    0x0001792f      0x7a0 /opt/ST/STM32CubeCLT_1.21.0/GNU-tools-for-STM32/bin/../lib/gcc/arm-none-eabi/14.3.1/../../../../arm-none-eabi/lib/thumb/v7-m/nofp/libg_nano.a(libc_a-malloc.o)
 .debug_info    0x000180cf      0x9bc /opt/ST/STM32CubeCLT_1.21.0/GNU-tools-for-STM32/bin/../lib/gcc/arm-none-eabi/14.3.1/../../../../arm-none-eabi/lib/thumb/v7-m/nofp/libg_nano.a(libc_a-mallocr.o)
 .debug_info    0x00018a8b      0x76b /opt/ST/STM32CubeCLT_1.21.0/GNU-tools-for-STM32/bin/../lib/gcc/arm-none-eabi/14.3.1/../../../../arm-none-eabi/lib/thumb/v7-m/nofp/libg_nano.a(libc_a-mlock.o)
 .debug_info    0x000191f6      0xfb2 /opt/ST/STM32CubeCLT_1.21.0/GNU-tools-for-STM32/bin/../lib/gcc/arm-none-eabi/14.3.1/../../../../arm-none-eabi/lib/thumb/v7-m/nofp/libg_nano.a(libc_a-findfp.o)
 .debug_info    0x0001a1a8      0x7d2 /opt/ST/STM32CubeCLT_1.21.0/GNU-tools-for-STM32/bin/../lib/gcc/arm-none-eabi/14.3.1/../../../../arm-none-eabi/lib/thumb/v7-m/nofp/libg_nano.a(libc_a-fwalk.o)
 .debug_info    0x0001a97a      0x950 /opt/ST/STM32CubeCLT_1.21.0/GNU-tools-for-STM32/bin/../lib/gcc/arm-none-eabi/14.3.1/../../../../arm-none-eabi/lib/thumb/v7-m/nofp/libg_nano.a(libc_a-puts.o)
 .debug_info    0x0001b2ca       0xe0 /opt/ST/STM32CubeCLT_1.21.0/GNU-tools-for-STM32/bin/../lib/gcc/arm-none-eabi/14.3.1/../../../../arm-none-eabi/lib/thumb/v7-m/nofp/libg_nano.a(libc_a-memset.o)
 .debug_info    0x0001b3aa      0x782 /opt/ST/STM32CubeCLT_1.21.0/GNU-tools-for-STM32/bin/../lib/gcc/arm-none-eabi/14.3.1/../../../../arm-none-eabi/lib/thumb/v7-m/nofp/libg_nano.a(libc_a-sbrkr.o)
 .debug_info    0x0001bb2c      0x6fb /opt/ST/STM32CubeCLT_1.21.0/GNU-tools-for-STM32/bin/../lib/gcc/arm-none-eabi/14.3.1/../../../../arm-none-eabi/lib/thumb/v7-m/nofp/libg_nano.a(libc_a-errno.o)
 .debug_info    0x0001c227      0x10b /opt/ST/STM32CubeCLT_1.21.0/GNU-tools-for-STM32/bin/../lib/gcc/arm-none-eabi/14.3.1/../../../../arm-none-eabi/lib/thumb/v7-m/nofp/libg_nano.a(libc_a-init.o)
 .debug_info    0x0001c332      0x218 /opt/ST/STM32CubeCLT_1.21.0/GNU-tools-for-STM32/bin/../lib/gcc/arm-none-eabi/14.3.1/../../../../arm-none-eabi/lib/thumb/v7-m/nofp/libg_nano.a(libc_a-lock.o)
 .debug_info    0x0001c54a      0x8a1 /opt/ST/STM32CubeCLT_1.21.0/GNU-tools-for-STM32/bin/../lib/gcc/arm-none-eabi/14.3.1/../../../../arm-none-eabi/lib/thumb/v7-m/nofp/libg_nano.a(libc_a-reent.o)
 .debug_info    0x0001cdeb      0x715 /opt/ST/STM32CubeCLT_1.21.0/GNU-tools-for-STM32/bin/../lib/gcc/arm-none-eabi/14.3.1/../../../../arm-none-eabi/lib/thumb/v7-m/nofp/libg_nano.a(libc_a-impure.o)
 .debug_info    0x0001d500      0x20a /opt/ST/STM32CubeCLT_1.21.0/GNU-tools-for-STM32/bin/../lib/gcc/arm-none-eabi/14.3.1/../../../../arm-none-eabi/lib/thumb/v7-m/nofp/libg_nano.a(libc_a-cxa_atexit.o)
 .debug_info    0x0001d70a      0x851 /opt/ST/STM32CubeCLT_1.21.0/GNU-tools-for-STM32/bin/../lib/gcc/arm-none-eabi/14.3.1/../../../../arm-none-eabi/lib/thumb/v7-m/nofp/libg_nano.a(libc_a-freer.o)
 .debug_info    0x0001df5b      0x9ef /opt/ST/STM32CubeCLT_1.21.0/GNU-tools-for-STM32/bin/../lib/gcc/arm-none-eabi/14.3.1/../../../../arm-none-eabi/lib/thumb/v7-m/nofp/libg_nano.a(libc_a-fflush.o)
 .debug_info    0x0001e94a      0xa90 /opt/ST/STM32CubeCLT_1.21.0/GNU-tools-for-STM32/bin/../lib/gcc/arm-none-eabi/14.3.1/../../../../arm-none-eabi/lib/thumb/v7-m/nofp/libg_nano.a(libc_a-stdio.o)
 .debug_info    0x0001f3da      0x874 /opt/ST/STM32CubeCLT_1.21.0/GNU-tools-for-STM32/bin/../lib/gcc/arm-none-eabi/14.3.1/../../../../arm-none-eabi/lib/thumb/v7-m/nofp/libg_nano.a(libc_a-wbuf.o)
 .debug_info    0x0001fc4e      0x7bb /opt/ST/STM32CubeCLT_1.21.0/GNU-tools-for-STM32/bin/../lib/gcc/arm-none-eabi/14.3.1/../../../../arm-none-eabi/lib/thumb/v7-m/nofp/libg_nano.a(libc_a-wsetup.o)
 .debug_info    0x00020409      0xb15 /opt/ST/STM32CubeCLT_1.21.0/GNU-tools-for-STM32/bin/../lib/gcc/arm-none-eabi/14.3.1/../../../../arm-none-eabi/lib/thumb/v7-m/nofp/libg_nano.a(libc_a-makebuf.o)
 .debug_info    0x00020f1e      0x75d /opt/ST/STM32CubeCLT_1.21.0/GNU-tools-for-STM32/bin/../lib/gcc/arm-none-eabi/14.3.1/../../../../arm-none-eabi/lib/thumb/v7-m/nofp/libg_nano.a(libc_a-isattyr.o)
 .debug_info    0x0002167b      0x7a8 /opt/ST/STM32CubeCLT_1.21.0/GNU-tools-for-STM32/bin/../lib/gcc/arm-none-eabi/14.3.1/../../../../arm-none-eabi/lib/thumb/v7-m/nofp/libg_nano.a(libc_a-lseekr.o)
 .debug_info    0x00021e23      0x7bf /opt/ST/STM32CubeCLT_1.21.0/GNU-tools-for-STM32/bin/../lib/gcc/arm-none-eabi/14.3.1/../../../../arm-none-eabi/lib/thumb/v7-m/nofp/libg_nano.a(libc_a-readr.o)
 .debug_info    0x000225e2      0x7c5 /opt/ST/STM32CubeCLT_1.21.0/GNU-tools-for-STM32/bin/../lib/gcc/arm-none-eabi/14.3.1/../../../../arm-none-eabi/lib/thumb/v7-m/nofp/libg_nano.a(libc_a-writer.o)
 .debug_info    0x00022da7      0x75d /opt/ST/STM32CubeCLT_1.21.0/GNU-tools-for-STM32/bin/../lib/gcc/arm-none-eabi/14.3.1/../../../../arm-none-eabi/lib/thumb/v7-m/nofp/libg_nano.a(libc_a-closer.o)
 .debug_info    0x00023504      0x981 /opt/ST/STM32CubeCLT_1.21.0/GNU-tools-for-STM32/bin/../lib/gcc/arm-none-eabi/14.3.1/../../../../arm-none-eabi/lib/thumb/v7-m/nofp/libg_nano.a(libc_a-fstatr.o)

.debug_abbrev   0x00000000     0x756a
 .debug_abbrev  0x00000000      0x566 CMakeFiles/stm-cpp-test.dir/User/main/main_entry.cpp.obj
 .debug_abbrev  0x00000566      0x2cb CMakeFiles/stm-cpp-test.dir/User/pid/IncrementalPID.cpp.obj
 .debug_abbrev  0x00000831      0x20c CMakeFiles/stm-cpp-test.dir/User/pid/PIDController.cpp.obj