/Users/polymer/Dev/stm-cpp-test/User/main/../state/StateMachine.hpp:13:26:static StateMachine& StateMachine::getInstance()	8	static
/Users/polymer/Dev/stm-cpp-test/User/main/../state/State.hpp:7:13:State::~State()	16	static
/Users/polymer/Dev/stm-cpp-test/User/main/../state/State.hpp:7:13:virtual State::~State()	16	static
/Users/polymer/Dev/stm-cpp-test/User/main/../state/State_test.hpp:9:7:State_test::~State_test()	16	static
/Users/polymer/Dev/stm-cpp-test/User/main/../state/State_test.hpp:9:7:virtual State_test::~State_test()	16	static
/Users/polymer/Dev/stm-cpp-test/User/main/../state/State_test.hpp:12:24:static State_test& State_test::getInstance()	8	static
/Users/polymer/Dev/stm-cpp-test/User/main/../control/../pid/PIDController.hpp:17:13:PIDController::~PIDController()	16	static
/Users/polymer/Dev/stm-cpp-test/User/main/../control/../pid/PIDController.hpp:17:13:virtual PIDController::~PIDController()	16	static
/Users/polymer/Dev/stm-cpp-test/User/main/../control/../pid/PositionalPID.hpp:10:7:PositionalPID::~PositionalPID()	16	static
/Users/polymer/Dev/stm-cpp-test/User/main/../control/../pid/PositionalPID.hpp:10:7:virtual PositionalPID::~PositionalPID()	16	static
/Users/polymer/Dev/stm-cpp-test/User/main/../control/SpeedControl.hpp:11:7:SpeedControl::~SpeedControl()	16	static
/Users/polymer/Dev/stm-cpp-test/User/main/../control/SpeedControl.hpp:29:26:static SpeedControl& SpeedControl::getInstance()	8	static
/Users/polymer/Dev/stm-cpp-test/User/main/main_entry.cpp:21:6:void MyTimedTask()	8	static
/Users/polymer/Dev/stm-cpp-test/User/main/main_entry.cpp:26:6:void main_entry()	24	static
/Users/polymer/Dev/stm-cpp-test/User/main/main_entry.cpp:55:17:void HAL_TIM_PeriodElapsedCallback(TIM_HandleTypeDef*)	16	static
/Users/polymer/Dev/stm-cpp-test/User/main/main_entry.cpp:68:16:int _write(int, char*, int)	24	static
/Users/polymer/Dev/stm-cpp-test/User/main/main_entry.cpp:73:16:int __io_putchar(int)	16	static
