/Users/polymer/Dev/stm-cpp-test/User/state/State.hpp:6:5:State::State()	16	static
/Users/polymer/Dev/stm-cpp-test/User/state/State.hpp:7:13:State::~State()	16	static
/Users/polymer/Dev/stm-cpp-test/User/state/State.hpp:7:13:virtual State::~State()	16	static
/Users/polymer/Dev/stm-cpp-test/User/state/State_test.hpp:9:7:State_test::~State_test()	16	static
/Users/polymer/Dev/stm-cpp-test/User/state/State_test.hpp:9:7:virtual State_test::~State_test()	16	static
/Users/polymer/Dev/stm-cpp-test/User/state/../control/../pid/PIDController.hpp:17:13:PIDController::~PIDController()	16	static
/Users/polymer/Dev/stm-cpp-test/User/state/../control/../pid/PIDController.hpp:17:13:virtual PIDController::~PIDController()	16	static
/Users/polymer/Dev/stm-cpp-test/User/state/../control/../pid/PositionalPID.hpp:10:7:PositionalPID::~PositionalPID()	16	static
/Users/polymer/Dev/stm-cpp-test/User/state/../control/../pid/PositionalPID.hpp:10:7:virtual PositionalPID::~PositionalPID()	16	static
/Users/polymer/Dev/stm-cpp-test/User/state/../control/SpeedControl.hpp:11:7:SpeedControl::~SpeedControl()	16	static
/Users/polymer/Dev/stm-cpp-test/User/state/../control/SpeedControl.hpp:29:26:static SpeedControl& SpeedControl::getInstance()	8	static
/Users/polymer/Dev/stm-cpp-test/User/state/State_test.cpp:13:1:State_test::State_test()	16	static
/Users/polymer/Dev/stm-cpp-test/User/state/State_test.cpp:18:6:virtual void State_test::init()	16	static
/Users/polymer/Dev/stm-cpp-test/User/state/State_test.cpp:25:6:virtual void State_test::loop()	16	static
/Users/polymer/Dev/stm-cpp-test/User/state/State_test.cpp:30:6:virtual void State_test::exit()	16	static
/Users/polymer/Dev/stm-cpp-test/User/state/State_test.cpp:35:6:void State_test::timerTaskTest1()	16	static
/Users/polymer/Dev/stm-cpp-test/User/state/State_test.cpp:40:6:void State_test::timerTaskTest2()	16	static
/Users/polymer/Dev/stm-cpp-test/User/state/State_test.cpp:45:6:void State_test::timerTaskTest3()	16	static
